07:05:48 | INFO    | ============================================================
07:05:48 | INFO    | Memulai Scraper Deskripsi Wisata (L1: Wikipedia, L2: DDGS)
07:05:48 | INFO    | ============================================================
07:05:48 | INFO    | Membaca data dari: D:\semester6\mc_learning\scrapt_wisata\deskripsi\scrap_deskripsi_wisata.csv
07:05:48 | INFO    | Total baris dataset: 2708
07:05:48 | INFO    | [Resume] Baris [100/2708] terlewati (sudah ada data).
07:05:48 | INFO    | [169/2708] Mencari: Air Terjun Pialaa
07:05:49 | DEBUG   | [L1 Wiki] Error: Expecting value: line 1 column 1 (char 0)
07:05:49 | DEBUG   |       L1 Gagal, mencoba L2 DDGS...
07:05:58 | INFO    |       => Gagal mencari deskripsi.
07:05:59 | INFO    | [Resume] Baris [201/2708] terlewati (sudah ada data).
07:05:59 | INFO    | [231/2708] Mencari: Taman Pantai mahaas
07:05:59 | DEBUG   | [L1 Wiki] Error: Expecting value: line 1 column 1 (char 0)
07:05:59 | DEBUG   |       L1 Gagal, mencoba L2 DDGS...
07:06:11 | INFO    |       => Gagal mencari deskripsi.
07:06:12 | INFO    | [281/2708] Mencari: Pantai Panrangluhu
07:06:12 | DEBUG   | [L1 Wiki] Error: Expecting value: line 1 column 1 (char 0)
07:06:12 | DEBUG   |       L1 Gagal, mencoba L2 DDGS...
07:06:21 | INFO    |       => Gagal mencari deskripsi.
07:06:23 | INFO    | [283/2708] Mencari: Mah'watu
07:06:23 | DEBUG   | [L1 Wiki] Error: Expecting value: line 1 column 1 (char 0)
07:06:23 | DEBUG   |       L1 Gagal, mencoba L2 DDGS...
07:06:41 | INFO    |       => Gagal mencari deskripsi.
07:06:43 | INFO    | [Resume] Baris [304/2708] terlewati (sudah ada data).
07:06:43 | INFO    | [387/2708] Mencari: Air Terjun Loli Tasiburi
07:06:43 | DEBUG   | [L1 Wiki] Error: Expecting value: line 1 column 1 (char 0)
07:06:43 | DEBUG   |       L1 Gagal, mencoba L2 DDGS...
07:06:49 | DEBUG   | [L2 DDGS] Error: ConnectError: ConnectError('error sending request for url (https://html.duckduckgo.com/html/)', 'https://html.duckduckgo.com/html/')
07:06:49 | INFO    |       => Gagal mencari deskripsi.
07:06:50 | INFO    | [Resume] Baris [405/2708] terlewati (sudah ada data).
07:06:50 | INFO    | [467/2708] Mencari: Kabesaran Beach
07:06:50 | DEBUG   | [L1 Wiki] Error: Expecting value: line 1 column 1 (char 0)
07:06:50 | DEBUG   |       L1 Gagal, mencoba L2 DDGS...
07:06:59 | INFO    |       => Gagal mencari deskripsi.
07:07:00 | INFO    | [484/2708] Mencari: Ombro
07:07:00 | DEBUG   | [L1 Wiki] Error: Expecting value: line 1 column 1 (char 0)
07:07:00 | DEBUG   |       L1 Gagal, mencoba L2 DDGS...
07:07:08 | INFO    |       => Gagal mencari deskripsi.
07:07:09 | INFO    | [Resume] Baris [507/2708] terlewati (sudah ada data).
07:07:09 | INFO    | [519/2708] Mencari: I Love Minsel
07:07:09 | DEBUG   | [L1 Wiki] Error: Expecting value: line 1 column 1 (char 0)
07:07:09 | DEBUG   |       L1 Gagal, mencoba L2 DDGS...
07:07:14 | INFO    |       => Sukses dari: https://www.kompasiana.com/rewah/5a65f611f133447e872f2fe3/i-am-amurang-jadi-icon-pariwisata-kab-minsel
07:07:16 | INFO    | [Resume] Baris [608/2708] terlewati (sudah ada data).
07:07:16 | INFO    | [689/2708] Mencari: Pantai Kambahu
07:07:17 | DEBUG   | [L1 Wiki] Error: Expecting value: line 1 column 1 (char 0)
07:07:17 | DEBUG   |       L1 Gagal, mencoba L2 DDGS...
07:07:25 | DEBUG   | [L2 DDGS] Error: RequestError: RequestError('error sending request for url (https://search.yahoo.com/search;_ylt=X0RyPIqMZXlVwnIWJEX5rE9Z;_ylu=n4mJNrL7JaNT-PNEDHQORw-7NotczSUyw1KvVN7Sh3gz5EY?p=Pantai+Kambahu+Kota+Bitung+wisata)', 'https://search.yahoo.com/search;_ylt=X0RyPIqMZXlVwnIWJEX5rE9Z;_ylu=n4mJNrL7JaNT-PNEDHQORw-7NotczSUyw1KvVN7Sh3gz5EY?p=Pantai+Kambahu+Kota+Bitung+wisata')
07:07:25 | INFO    |       => Gagal mencari deskripsi.
07:07:27 | INFO    | [693/2708] Mencari: Taman Marannu
07:07:37 | DEBUG   | [L1 Wiki] Error: HTTPSConnectionPool(host='id.wikipedia.org', port=443): Read timed out. (read timeout=10)
07:07:37 | DEBUG   |       L1 Gagal, mencoba L2 DDGS...
07:07:50 | INFO    |       => Gagal mencari deskripsi.
07:07:52 | INFO    | [Resume] Baris [710/2708] terlewati (sudah ada data).
07:07:52 | INFO    | [749/2708] Mencari: Pantai BBC
07:07:52 | DEBUG   | [L1 Wiki] Error: Expecting value: line 1 column 1 (char 0)
07:07:52 | DEBUG   |       L1 Gagal, mencoba L2 DDGS...
07:08:03 | INFO    |       => Gagal mencari deskripsi.
07:08:05 | INFO    | [764/2708] Mencari: Pantai Kanaan
07:08:05 | DEBUG   | [L1 Wiki] Error: Expecting value: line 1 column 1 (char 0)
07:08:05 | DEBUG   |       L1 Gagal, mencoba L2 DDGS...
07:08:14 | INFO    |       => Gagal mencari deskripsi.
07:08:16 | INFO    | [Resume] Baris [812/2708] terlewati (sudah ada data).
07:08:16 | INFO    | [813/2708] Mencari: Ikha cell
07:08:16 | DEBUG   | [L1 Wiki] Error: Expecting value: line 1 column 1 (char 0)
07:08:16 | DEBUG   |       L1 Gagal, mencoba L2 DDGS...
07:08:25 | INFO    |       => Gagal mencari deskripsi.
07:08:27 | INFO    | [865/2708] Mencari: Pantai Marboro
07:08:27 | DEBUG   | [L1 Wiki] Error: Expecting value: line 1 column 1 (char 0)
07:08:27 | DEBUG   |       L1 Gagal, mencoba L2 DDGS...
07:08:36 | INFO    |       => Gagal mencari deskripsi.
07:08:37 | INFO    | [879/2708] Mencari: Air Terjun Depa'
07:08:37 | DEBUG   | [L1 Wiki] Error: Expecting value: line 1 column 1 (char 0)
07:08:37 | DEBUG   |       L1 Gagal, mencoba L2 DDGS...
07:08:48 | INFO    |       => Gagal mencari deskripsi.
07:08:49 | INFO    | [883/2708] Mencari: Pantai Salokaili
07:08:49 | DEBUG   | [L1 Wiki] Error: Expecting value: line 1 column 1 (char 0)
07:08:49 | DEBUG   |       L1 Gagal, mencoba L2 DDGS...
07:08:59 | INFO    |       => Gagal mencari deskripsi.
07:09:00 | INFO    | [Resume] Baris [916/2708] terlewati (sudah ada data).
07:09:00 | INFO    | [939/2708] Mencari: Monas
07:09:00 | DEBUG   | [L1 Wiki] Error: Expecting value: line 1 column 1 (char 0)
07:09:00 | DEBUG   |       L1 Gagal, mencoba L2 DDGS...
07:09:08 | INFO    |       => Gagal mencari deskripsi.
07:09:09 | INFO    | [958/2708] Mencari: pantai Bara' UjungLero
07:09:10 | DEBUG   | [L1 Wiki] Error: Expecting value: line 1 column 1 (char 0)
07:09:10 | DEBUG   |       L1 Gagal, mencoba L2 DDGS...
07:09:19 | DEBUG   | [L2 DDGS] Error: DecodeError: DecodeError('Body collection error: error decoding response body')
07:09:19 | INFO    |       => Gagal mencari deskripsi.
07:09:20 | INFO    | [960/2708] Mencari: Taman Uebone
07:09:20 | DEBUG   | [L1 Wiki] Error: Expecting value: line 1 column 1 (char 0)
07:09:20 | DEBUG   |       L1 Gagal, mencoba L2 DDGS...
07:09:35 | INFO    |       => Gagal mencari deskripsi.
07:09:36 | INFO    | [968/2708] Mencari: Bukit Sarassang
07:09:36 | DEBUG   | [L1 Wiki] Error: Expecting value: line 1 column 1 (char 0)
07:09:36 | DEBUG   |       L1 Gagal, mencoba L2 DDGS...
07:09:47 | INFO    |       => Gagal mencari deskripsi.
07:09:49 | INFO    | *** Auto-saving 20 baris diproses...
07:09:49 | INFO    | [977/2708] Mencari: Danau Randano Ghaghe
07:09:49 | DEBUG   | [L1 Wiki] Error: Expecting value: line 1 column 1 (char 0)
07:09:49 | DEBUG   |       L1 Gagal, mencoba L2 DDGS...
07:10:05 | DEBUG   | [L2 BS4] Gagal ekstraksi url https://wisato.id/wisata-air/liburan-romantis-di-surga-tersembunyi-danau-randano-ghaghe-pulau-muna/ -> HTTPSConnectionPool(host='wisato.id', port=443): Read timed out. (read timeout=8)
07:10:07 | DEBUG   | [L2 BS4] Gagal ekstraksi url https://sisparnas.kemenparekraf.go.id/p/102672 -> HTTPSConnectionPool(host='sisparnas.kemenparekraf.go.id', port=443): Max retries exceeded with url: /p/102672 (Caused by NameResolutionError("HTTPSConnection(host='sisparnas.kemenparekraf.go.id', port=443): Failed to resolve 'sisparnas.kemenparekraf.go.id' ([Errno 11002] getaddrinfo failed)"))
07:10:09 | INFO    |       => Sukses dari: https://kitaindonesiasatu.com/lifestyle/menjelajah-danau-randano-gaghe-pesona-alam-dan-tantangan-perjalanan/
07:10:10 | INFO    | [989/2708] Mencari: Pantai Sunrise
07:10:10 | DEBUG   | [L1 Wiki] Error: Expecting value: line 1 column 1 (char 0)
07:10:10 | DEBUG   |       L1 Gagal, mencoba L2 DDGS...
07:10:26 | DEBUG   | [L2 DDGS] Error: ('error sending request for url (https://html.duckduckgo.com/html/)', 'https://html.duckduckgo.com/html/')
07:10:26 | INFO    |       => Gagal mencari deskripsi.
07:10:28 | INFO    | [Resume] Baris [1022/2708] terlewati (sudah ada data).
07:10:28 | INFO    | [1053/2708] Mencari: Pantai Mato
07:10:28 | DEBUG   | [L1 Wiki] Error: Expecting value: line 1 column 1 (char 0)
07:10:28 | DEBUG   |       L1 Gagal, mencoba L2 DDGS...
07:11:20 | DEBUG   | [L2 BS4] Gagal ekstraksi url https://www.goodnewsfromindonesia.id/2024/08/30/menjelajahi-pesona-pantai-poganda-surga-tersembunyi-di-banggai-kepulauan-dengan-laut-nan-jernih -> HTTPSConnectionPool(host='www.goodnewsfromindonesia.id', port=443): Max retries exceeded with url: /2024/08/30/menjelajahi-pesona-pantai-poganda-surga-tersembunyi-di-banggai-kepulauan-dengan-laut-nan-jernih (Caused by ConnectTimeoutError(<HTTPSConnection(host='www.goodnewsfromindonesia.id', port=443) at 0x19c5f25ccd0>, 'Connection to www.goodnewsfromindonesia.id timed out. (connect timeout=8)'))
07:11:33 | INFO    |       => Gagal mencari deskripsi.
07:11:35 | INFO    | [1058/2708] Mencari: Air Terjun Baruttungnge
07:11:35 | DEBUG   | [L1 Wiki] Error: Expecting value: line 1 column 1 (char 0)
07:11:35 | DEBUG   |       L1 Gagal, mencoba L2 DDGS...
07:11:48 | DEBUG   | [L2 BS4] Gagal ekstraksi url https://id.wikipedia.org/wiki/Air_Terjun_Baruttung -> HTTPSConnectionPool(host='id.wikipedia.org', port=443): Read timed out. (read timeout=8)
07:11:51 | DEBUG   | [L2 BS4] Gagal ekstraksi url https://jadesta.kemenparekraf.go.id/desa/air_terjun_baruttungnge -> HTTPSConnectionPool(host='jadesta.kemenparekraf.go.id', port=443): Max retries exceeded with url: /desa/air_terjun_baruttungnge (Caused by NameResolutionError("HTTPSConnection(host='jadesta.kemenparekraf.go.id', port=443): Failed to resolve 'jadesta.kemenparekraf.go.id' ([Errno 11002] getaddrinfo failed)"))
07:11:52 | INFO    |       => Gagal mencari deskripsi.
07:11:53 | INFO    | [1063/2708] Mencari: Pantai Anita
07:11:53 | DEBUG   | [L1 Wiki] Error: Expecting value: line 1 column 1 (char 0)
07:11:53 | DEBUG   |       L1 Gagal, mencoba L2 DDGS...
07:12:05 | INFO    |       => Gagal mencari deskripsi.
07:12:07 | INFO    | [1084/2708] Mencari: Taman Marlina
07:12:07 | DEBUG   | [L1 Wiki] Error: Expecting value: line 1 column 1 (char 0)
07:12:07 | DEBUG   |       L1 Gagal, mencoba L2 DDGS...
07:12:15 | INFO    |       => Sukses dari: https://www.manadonews.co.id/2018/08/20/taman-marlina-jadi-tempat-berfoto-warga/
07:12:16 | INFO    | [Resume] Baris [1126/2708] terlewati (sudah ada data).
07:12:16 | INFO    | [1135/2708] Mencari: Koloolaro
07:12:16 | DEBUG   | [L1 Wiki] Error: Expecting value: line 1 column 1 (char 0)
07:12:16 | DEBUG   |       L1 Gagal, mencoba L2 DDGS...
07:12:26 | INFO    |       => Gagal mencari deskripsi.
07:12:27 | INFO    | [1137/2708] Mencari: Pantai puluty
07:12:27 | DEBUG   | [L1 Wiki] Error: Expecting value: line 1 column 1 (char 0)
07:12:27 | DEBUG   |       L1 Gagal, mencoba L2 DDGS...
07:12:34 | INFO    |       => Gagal mencari deskripsi.
07:12:36 | INFO    | [1147/2708] Mencari: Pantai Arjuna
07:12:36 | DEBUG   | [L1 Wiki] Error: Expecting value: line 1 column 1 (char 0)
07:12:36 | DEBUG   |       L1 Gagal, mencoba L2 DDGS...
07:12:44 | INFO    |       => Gagal mencari deskripsi.
07:12:46 | INFO    | [1163/2708] Mencari: Air Terjun Bahomumpa
07:12:46 | DEBUG   | [L1 Wiki] Error: Expecting value: line 1 column 1 (char 0)
07:12:46 | DEBUG   |       L1 Gagal, mencoba L2 DDGS...
07:12:56 | INFO    |       => Gagal mencari deskripsi.
07:12:58 | INFO    | [1212/2708] Mencari: Taman Yuhyi (Kehidupan)
07:12:58 | DEBUG   | [L1 Wiki] Error: Expecting value: line 1 column 1 (char 0)
07:12:58 | DEBUG   |       L1 Gagal, mencoba L2 DDGS...
07:13:05 | INFO    |       => Sukses dari: https://sisparnas.kemenpar.go.id/p/9067
07:13:07 | INFO    | [Resume] Baris [1231/2708] terlewati (sudah ada data).
07:13:07 | INFO    | [1275/2708] Mencari: Taman Reformasi
07:13:07 | DEBUG   | [L1 Wiki] Error: Expecting value: line 1 column 1 (char 0)
07:13:07 | DEBUG   |       L1 Gagal, mencoba L2 DDGS...
07:13:12 | INFO    |       => Gagal mencari deskripsi.
07:13:14 | INFO    | [1328/2708] Mencari: Air Terjun Tattungo
07:13:14 | DEBUG   | [L1 Wiki] Error: Expecting value: line 1 column 1 (char 0)
07:13:14 | DEBUG   |       L1 Gagal, mencoba L2 DDGS...
07:13:22 | INFO    |       => Sukses dari: https://www.academia.edu/62686991/Desa_Wisata_Menunjang_Transformasi_Ekonomi_Nasional_di_Kabupaten_Enrekang
07:13:24 | INFO    | [Resume] Baris [1333/2708] terlewati (sudah ada data).
07:13:24 | INFO    | [1366/2708] Mencari: Pantai Wakarumende
07:13:24 | DEBUG   | [L1 Wiki] Error: Expecting value: line 1 column 1 (char 0)
07:13:24 | DEBUG   |       L1 Gagal, mencoba L2 DDGS...
07:13:35 | INFO    |       => Gagal mencari deskripsi.
07:13:37 | INFO    | [1368/2708] Mencari: Pantai Baurung
07:13:37 | DEBUG   | [L1 Wiki] Error: Expecting value: line 1 column 1 (char 0)
07:13:37 | DEBUG   |       L1 Gagal, mencoba L2 DDGS...
07:13:44 | INFO    |       => Gagal mencari deskripsi.
07:13:46 | INFO    | [1416/2708] Mencari: Air Terjun Tu'nan
07:13:46 | DEBUG   | [L1 Wiki] Error: Expecting value: line 1 column 1 (char 0)
07:13:46 | DEBUG   |       L1 Gagal, mencoba L2 DDGS...
07:13:56 | DEBUG   | [L2 DDGS] Error: ConnectError: ConnectError('error sending request for url (https://html.duckduckgo.com/html/)', 'https://html.duckduckgo.com/html/')
07:13:56 | INFO    |       => Gagal mencari deskripsi.
07:13:58 | INFO    | [1421/2708] Mencari: Air Terjun Batualambung Kambani
07:13:58 | DEBUG   | [L1 Wiki] Error: Expecting value: line 1 column 1 (char 0)
07:13:58 | DEBUG   |       L1 Gagal, mencoba L2 DDGS...
07:14:05 | INFO    |       => Gagal mencari deskripsi.
07:14:07 | INFO    | [Resume] Baris [1437/2708] terlewati (sudah ada data).
07:14:07 | INFO    | [1439/2708] Mencari: Pantai Napa
07:14:07 | DEBUG   | [L1 Wiki] Error: Expecting value: line 1 column 1 (char 0)
07:14:07 | DEBUG   |       L1 Gagal, mencoba L2 DDGS...
07:14:13 | INFO    |       => Gagal mencari deskripsi.
07:14:15 | INFO    | [1454/2708] Mencari: Air terjun Rouda
07:14:15 | DEBUG   | [L1 Wiki] Error: Expecting value: line 1 column 1 (char 0)
07:14:15 | DEBUG   |       L1 Gagal, mencoba L2 DDGS...
07:14:21 | INFO    |       => Gagal mencari deskripsi.
07:14:23 | INFO    | [1475/2708] Mencari: Gunung Tumpu
07:14:23 | DEBUG   | [L1 Wiki] Error: Expecting value: line 1 column 1 (char 0)
07:14:23 | DEBUG   |       L1 Gagal, mencoba L2 DDGS...
07:14:28 | INFO    |       => Gagal mencari deskripsi.
07:14:30 | INFO    | *** Auto-saving 40 baris diproses...
07:14:30 | INFO    | [1478/2708] Mencari: Pantai tupa
07:14:30 | DEBUG   | [L1 Wiki] Error: Expecting value: line 1 column 1 (char 0)
07:14:30 | DEBUG   |       L1 Gagal, mencoba L2 DDGS...
07:14:35 | INFO    |       => Gagal mencari deskripsi.
07:14:37 | INFO    | [1506/2708] Mencari: Senja Beloka
07:14:37 | DEBUG   | [L1 Wiki] Error: Expecting value: line 1 column 1 (char 0)
07:14:37 | DEBUG   |       L1 Gagal, mencoba L2 DDGS...
07:14:45 | INFO    |       => Gagal mencari deskripsi.
07:14:47 | INFO    | [1508/2708] Mencari: Air Terjun Bobaa
07:14:47 | DEBUG   | [L1 Wiki] Error: Expecting value: line 1 column 1 (char 0)
07:14:47 | DEBUG   |       L1 Gagal, mencoba L2 DDGS...
07:14:52 | INFO    |       => Gagal mencari deskripsi.
07:14:53 | INFO    | [1512/2708] Mencari: Parkiran Air Terjun (Kali)
07:14:53 | DEBUG   | [L1 Wiki] Error: Expecting value: line 1 column 1 (char 0)
07:14:53 | DEBUG   |       L1 Gagal, mencoba L2 DDGS...
07:15:04 | DEBUG   | [L2 DDGS] Error: ConnectError: ConnectError('error sending request for url (https://html.duckduckgo.com/html/)', 'https://html.duckduckgo.com/html/')
07:15:04 | INFO    |       => Gagal mencari deskripsi.
07:15:05 | INFO    | [1517/2708] Mencari: air terjun wambalamba
07:15:05 | DEBUG   | [L1 Wiki] Error: Expecting value: line 1 column 1 (char 0)
07:15:05 | DEBUG   |       L1 Gagal, mencoba L2 DDGS...
07:15:13 | INFO    |       => Gagal mencari deskripsi.
07:15:14 | INFO    | [1533/2708] Mencari: Loko' Nippon
07:15:14 | DEBUG   | [L1 Wiki] Error: Expecting value: line 1 column 1 (char 0)
07:15:14 | DEBUG   |       L1 Gagal, mencoba L2 DDGS...
07:15:20 | INFO    |       => Sukses dari: https://www.kompasiana.com/mzainuddinbadollahi/5f46b21e097f3643e26ca342/loko-baubau-wisata-susur-goa-terluas-dan-terpanjang-di-kabuapaten-enrekang-prov-sulawesi-selatan
07:15:21 | INFO    | [Resume] Baris [1546/2708] terlewati (sudah ada data).
07:15:21 | INFO    | [1550/2708] Mencari: Lembah Piokang
07:15:21 | DEBUG   | [L1 Wiki] Error: Expecting value: line 1 column 1 (char 0)
07:15:21 | DEBUG   |       L1 Gagal, mencoba L2 DDGS...
07:15:33 | DEBUG   | [L2 BS4] Gagal ekstraksi url https://jadesta.kemenparekraf.go.id/desa/taraweang -> HTTPSConnectionPool(host='jadesta.kemenparekraf.go.id', port=443): Max retries exceeded with url: /desa/taraweang (Caused by NameResolutionError("HTTPSConnection(host='jadesta.kemenparekraf.go.id', port=443): Failed to resolve 'jadesta.kemenparekraf.go.id' ([Errno 11002] getaddrinfo failed)"))
07:15:36 | INFO    |       => Gagal mencari deskripsi.
07:15:38 | INFO    | [1566/2708] Mencari: Air Terjun Kanari
07:15:38 | DEBUG   | [L1 Wiki] Error: Expecting value: line 1 column 1 (char 0)
07:15:38 | DEBUG   |       L1 Gagal, mencoba L2 DDGS...
07:15:46 | INFO    |       => Sukses dari: https://media.sindonews.com/video/play/101421/6/menengok-pesona-keindahan-air-terjun-kanari-di-kota-baubau-sulteng
07:15:47 | INFO    | [1568/2708] Mencari: Bukit Ja'bonga
07:15:47 | DEBUG   | [L1 Wiki] Error: Expecting value: line 1 column 1 (char 0)
07:15:47 | DEBUG   |       L1 Gagal, mencoba L2 DDGS...
07:15:59 | INFO    |       => Gagal mencari deskripsi.
07:16:00 | INFO    | [1569/2708] Mencari: Pantai andewa
07:16:00 | DEBUG   | [L1 Wiki] Error: Expecting value: line 1 column 1 (char 0)
07:16:00 | DEBUG   |       L1 Gagal, mencoba L2 DDGS...
07:16:11 | INFO    |       => Gagal mencari deskripsi.
07:16:12 | INFO    | [1576/2708] Mencari: Buyu Katapasa
07:16:12 | DEBUG   | [L1 Wiki] Error: Expecting value: line 1 column 1 (char 0)
07:16:12 | DEBUG   |       L1 Gagal, mencoba L2 DDGS...
07:16:21 | INFO    |       => Sukses dari: https://rutube.ru/video/cb01911deccf8d3b0cafc0bb7faa3233/
07:16:23 | INFO    | [1580/2708] Mencari: autarkeia
07:16:23 | DEBUG   | [L1 Wiki] Error: Expecting value: line 1 column 1 (char 0)
07:16:23 | DEBUG   |       L1 Gagal, mencoba L2 DDGS...
07:16:33 | INFO    |       => Gagal mencari deskripsi.
07:16:34 | INFO    | [1583/2708] Mencari: Pantai Sesiwung
07:16:35 | DEBUG   | [L1 Wiki] Error: Expecting value: line 1 column 1 (char 0)
07:16:35 | DEBUG   |       L1 Gagal, mencoba L2 DDGS...
07:16:45 | INFO    |       => Gagal mencari deskripsi.
07:16:47 | INFO    | [1591/2708] Mencari: Pantai Beau Sauk
07:16:47 | DEBUG   | [L1 Wiki] Error: Expecting value: line 1 column 1 (char 0)
07:16:47 | DEBUG   |       L1 Gagal, mencoba L2 DDGS...
07:16:53 | DEBUG   | [L2 DDGS] Error: ConnectError: ConnectError('error sending request for url (https://html.duckduckgo.com/html/)', 'https://html.duckduckgo.com/html/')
07:16:53 | INFO    |       => Gagal mencari deskripsi.
07:16:55 | INFO    | [1611/2708] Mencari: Wae pella'e
07:16:55 | DEBUG   | [L1 Wiki] Error: Expecting value: line 1 column 1 (char 0)
07:16:55 | DEBUG   |       L1 Gagal, mencoba L2 DDGS...
07:17:07 | INFO    |       => Gagal mencari deskripsi.
07:17:09 | INFO    | [1624/2708] Mencari: WISATAKAUDUMA
07:17:09 | DEBUG   | [L1 Wiki] Error: Expecting value: line 1 column 1 (char 0)
07:17:09 | DEBUG   |       L1 Gagal, mencoba L2 DDGS...
07:17:18 | INFO    |       => Gagal mencari deskripsi.
07:17:20 | INFO    | [1650/2708] Mencari: Air terjun Sararudi
07:17:20 | DEBUG   | [L1 Wiki] Error: Expecting value: line 1 column 1 (char 0)
07:17:20 | DEBUG   |       L1 Gagal, mencoba L2 DDGS...
07:17:32 | INFO    |       => Gagal mencari deskripsi.
07:17:33 | INFO    | [Resume] Baris [1657/2708] terlewati (sudah ada data).
07:17:33 | INFO    | [1669/2708] Mencari: Bukit Countri
07:17:33 | DEBUG   | [L1 Wiki] Error: Expecting value: line 1 column 1 (char 0)
07:17:33 | DEBUG   |       L1 Gagal, mencoba L2 DDGS...
07:17:41 | INFO    |       => Gagal mencari deskripsi.
07:17:43 | INFO    | [1673/2708] Mencari: Bukit Attirong
07:17:43 | DEBUG   | [L1 Wiki] Error: Expecting value: line 1 column 1 (char 0)
07:17:43 | DEBUG   |       L1 Gagal, mencoba L2 DDGS...
07:17:53 | DEBUG   | [L2 BS4] Gagal ekstraksi url https://jadesta.kemenparekraf.go.id/desa/wajo_traditional_village -> HTTPSConnectionPool(host='jadesta.kemenparekraf.go.id', port=443): Max retries exceeded with url: /desa/wajo_traditional_village (Caused by NameResolutionError("HTTPSConnection(host='jadesta.kemenparekraf.go.id', port=443): Failed to resolve 'jadesta.kemenparekraf.go.id' ([Errno 11002] getaddrinfo failed)"))
07:18:02 | DEBUG   | [L2 BS4] Gagal ekstraksi url https://wajokab.go.id/berita/detail/peresmian-pasar-lampulung-bupati-wajo-kejayaan-wisata-wajo-akan-dikembalikan -> HTTPSConnectionPool(host='wajokab.go.id', port=443): Read timed out. (read timeout=8)
07:18:04 | INFO    |       => Gagal mencari deskripsi.
07:18:06 | INFO    | [1683/2708] Mencari: Tanjung Avanza
07:18:06 | DEBUG   | [L1 Wiki] Error: Expecting value: line 1 column 1 (char 0)
07:18:06 | DEBUG   |       L1 Gagal, mencoba L2 DDGS...
07:18:17 | DEBUG   | [L2 DDGS] Error: ('error sending request for url (https://yandex.com/search/site/?text=Tanjung+Avanza+Kabupaten+Parigi+Moutong+wisata&web=1&searchid=2695021)', 'https://yandex.com/search/site/?text=Tanjung+Avanza+Kabupaten+Parigi+Moutong+wisata&web=1&searchid=2695021')
07:18:17 | INFO    |       => Gagal mencari deskripsi.
07:18:18 | INFO    | *** Auto-saving 60 baris diproses...
07:18:18 | INFO    | [1689/2708] Mencari: bukit patene
07:18:18 | DEBUG   | [L1 Wiki] Error: Expecting value: line 1 column 1 (char 0)
07:18:18 | DEBUG   |       L1 Gagal, mencoba L2 DDGS...
07:18:28 | INFO    |       => Gagal mencari deskripsi.
07:18:29 | INFO    | [1693/2708] Mencari: Pantai Pelangi
07:18:29 | DEBUG   | [L1 Wiki] Error: Expecting value: line 1 column 1 (char 0)
07:18:29 | DEBUG   |       L1 Gagal, mencoba L2 DDGS...
07:18:37 | INFO    |       => Gagal mencari deskripsi.
07:18:38 | INFO    | [1694/2708] Mencari: Goa Batuburi
07:18:38 | DEBUG   | [L1 Wiki] Error: Expecting value: line 1 column 1 (char 0)
07:18:38 | DEBUG   |       L1 Gagal, mencoba L2 DDGS...
07:18:48 | INFO    |       => Gagal mencari deskripsi.
07:18:49 | INFO    | [1701/2708] Mencari: Bongkone Kenari
07:18:49 | DEBUG   | [L1 Wiki] Error: Expecting value: line 1 column 1 (char 0)
07:18:49 | DEBUG   |       L1 Gagal, mencoba L2 DDGS...
07:19:01 | INFO    |       => Gagal mencari deskripsi.
07:19:02 | INFO    | [1705/2708] Mencari: Gunung Baba Kanaan
07:19:02 | DEBUG   | [L1 Wiki] Error: Expecting value: line 1 column 1 (char 0)
07:19:02 | DEBUG   |       L1 Gagal, mencoba L2 DDGS...
07:19:11 | INFO    |       => Gagal mencari deskripsi.
07:19:12 | INFO    | [1733/2708] Mencari: Pantai Duva
07:19:12 | DEBUG   | [L1 Wiki] Error: Expecting value: line 1 column 1 (char 0)
07:19:12 | DEBUG   |       L1 Gagal, mencoba L2 DDGS...
07:19:24 | INFO    |       => Gagal mencari deskripsi.
07:19:25 | INFO    | [1753/2708] Mencari: Pantai Komearate
07:19:25 | DEBUG   | [L1 Wiki] Error: Expecting value: line 1 column 1 (char 0)
07:19:25 | DEBUG   |       L1 Gagal, mencoba L2 DDGS...
07:19:38 | INFO    |       => Gagal mencari deskripsi.
07:19:39 | INFO    | [1754/2708] Mencari: Kopdargab Foi#sulselbar
07:19:39 | DEBUG   | [L1 Wiki] Error: Expecting value: line 1 column 1 (char 0)
07:19:39 | DEBUG   |       L1 Gagal, mencoba L2 DDGS...
07:19:53 | INFO    |       => Gagal mencari deskripsi.
07:19:55 | INFO    | [Resume] Baris [1768/2708] terlewati (sudah ada data).
07:19:55 | INFO    | [1771/2708] Mencari: Pattiro Lappaloang
07:19:55 | DEBUG   | [L1 Wiki] Error: Expecting value: line 1 column 1 (char 0)
07:19:55 | DEBUG   |       L1 Gagal, mencoba L2 DDGS...
07:20:06 | INFO    |       => Gagal mencari deskripsi.
07:20:07 | INFO    | [1774/2708] Mencari: Pantai Karosondaya
07:20:07 | DEBUG   | [L1 Wiki] Error: Expecting value: line 1 column 1 (char 0)
07:20:07 | DEBUG   |       L1 Gagal, mencoba L2 DDGS...
07:20:19 | INFO    |       => Gagal mencari deskripsi.
07:20:21 | INFO    | [1815/2708] Mencari: Bulu Tondongkarambu
07:20:21 | DEBUG   | [L1 Wiki] Error: Expecting value: line 1 column 1 (char 0)
07:20:21 | DEBUG   |       L1 Gagal, mencoba L2 DDGS...
07:20:32 | INFO    |       => Gagal mencari deskripsi.
07:20:34 | INFO    | [1819/2708] Mencari: Pantai Apes
07:20:34 | DEBUG   | [L1 Wiki] Error: Expecting value: line 1 column 1 (char 0)
07:20:34 | DEBUG   |       L1 Gagal, mencoba L2 DDGS...
07:20:48 | DEBUG   | [L2 BS4] Gagal ekstraksi url https://www.lupalibur.com/tempat-wisata-kepulauan-sangihe -> HTTPSConnectionPool(host='www.lupalibur.com', port=443): Read timed out. (read timeout=8)
07:20:48 | INFO    |       => Gagal mencari deskripsi.
07:20:49 | INFO    | [1844/2708] Mencari: Pantai One Wanta
07:20:50 | DEBUG   | [L1 Wiki] Error: Expecting value: line 1 column 1 (char 0)
07:20:50 | DEBUG   |       L1 Gagal, mencoba L2 DDGS...
07:20:59 | DEBUG   | [L2 BS4] Gagal ekstraksi url https://sisparnas.kemenparekraf.go.id/p/43382 -> HTTPSConnectionPool(host='sisparnas.kemenparekraf.go.id', port=443): Max retries exceeded with url: /p/43382 (Caused by NameResolutionError("HTTPSConnection(host='sisparnas.kemenparekraf.go.id', port=443): Failed to resolve 'sisparnas.kemenparekraf.go.id' ([Errno 11002] getaddrinfo failed)"))
07:21:02 | INFO    |       => Gagal mencari deskripsi.
07:21:03 | INFO    | [1848/2708] Mencari: Pantai biskam
07:21:03 | DEBUG   | [L1 Wiki] Error: Expecting value: line 1 column 1 (char 0)
07:21:03 | DEBUG   |       L1 Gagal, mencoba L2 DDGS...
07:21:10 | DEBUG   | [L2 BS4] Gagal ekstraksi url https://sisparnas.kemenparekraf.go.id/p/14430 -> HTTPSConnectionPool(host='sisparnas.kemenparekraf.go.id', port=443): Max retries exceeded with url: /p/14430 (Caused by NameResolutionError("HTTPSConnection(host='sisparnas.kemenparekraf.go.id', port=443): Failed to resolve 'sisparnas.kemenparekraf.go.id' ([Errno 11002] getaddrinfo failed)"))
07:21:12 | INFO    |       => Sukses dari: https://kilas24.co/terkini/objek-wisata-pantai-biskam-menjanjikan/
07:21:14 | INFO    | [1850/2708] Mencari: Bukit TRL
07:21:14 | DEBUG   | [L1 Wiki] Error: Expecting value: line 1 column 1 (char 0)
07:21:14 | DEBUG   |       L1 Gagal, mencoba L2 DDGS...
07:21:24 | INFO    |       => Gagal mencari deskripsi.
07:21:25 | INFO    | [1860/2708] Mencari: Air terjun garuda
07:21:26 | DEBUG   | [L1 Wiki] Error: Expecting value: line 1 column 1 (char 0)
07:21:26 | DEBUG   |       L1 Gagal, mencoba L2 DDGS...
07:21:38 | INFO    |       => Gagal mencari deskripsi.
07:21:40 | INFO    | [Resume] Baris [1876/2708] terlewati (sudah ada data).
07:21:40 | INFO    | [1880/2708] Mencari: PANTAI DELON
07:21:40 | DEBUG   | [L1 Wiki] Error: Expecting value: line 1 column 1 (char 0)
07:21:40 | DEBUG   |       L1 Gagal, mencoba L2 DDGS...
07:21:45 | DEBUG   | [L2 BS4] Gagal ekstraksi url https://sisparnas.kemenparekraf.go.id/p/44251 -> HTTPSConnectionPool(host='sisparnas.kemenparekraf.go.id', port=443): Max retries exceeded with url: /p/44251 (Caused by NameResolutionError("HTTPSConnection(host='sisparnas.kemenparekraf.go.id', port=443): Failed to resolve 'sisparnas.kemenparekraf.go.id' ([Errno 11002] getaddrinfo failed)"))
07:21:46 | INFO    |       => Sukses dari: https://sisparnas.com/p/44251
07:21:48 | INFO    | [1894/2708] Mencari: Pantai Tarawat
07:21:48 | DEBUG   | [L1 Wiki] Error: Expecting value: line 1 column 1 (char 0)
07:21:48 | DEBUG   |       L1 Gagal, mencoba L2 DDGS...
07:21:58 | INFO    |       => Gagal mencari deskripsi.
07:21:59 | INFO    | [1920/2708] Mencari: Pantai Tamimbo
07:21:59 | DEBUG   | [L1 Wiki] Error: Expecting value: line 1 column 1 (char 0)
07:21:59 | DEBUG   |       L1 Gagal, mencoba L2 DDGS...
07:22:15 | INFO    |       => Gagal mencari deskripsi.
07:22:17 | INFO    | [1932/2708] Mencari: Air Terjun Tulo'a
07:22:17 | DEBUG   | [L1 Wiki] Error: Expecting value: line 1 column 1 (char 0)
07:22:17 | DEBUG   |       L1 Gagal, mencoba L2 DDGS...
07:22:25 | INFO    |       => Gagal mencari deskripsi.
07:22:27 | INFO    | *** Auto-saving 80 baris diproses...
07:22:27 | INFO    | [1937/2708] Mencari: Abrasi Pantai Tingkulang
07:22:27 | DEBUG   | [L1 Wiki] Error: Expecting value: line 1 column 1 (char 0)
07:22:27 | DEBUG   |       L1 Gagal, mencoba L2 DDGS...
07:22:36 | INFO    |       => Gagal mencari deskripsi.
07:22:38 | INFO    | [1940/2708] Mencari: Pantai Salatiga
07:22:38 | DEBUG   | [L1 Wiki] Error: Expecting value: line 1 column 1 (char 0)
07:22:38 | DEBUG   |       L1 Gagal, mencoba L2 DDGS...
07:23:01 | INFO    |       => Gagal mencari deskripsi.
07:23:02 | INFO    | [1943/2708] Mencari: Pantai Muhajirin
07:23:05 | DEBUG   | [L1 Wiki] Error: Expecting value: line 1 column 1 (char 0)
07:23:05 | DEBUG   |       L1 Gagal, mencoba L2 DDGS...
07:23:22 | INFO    |       => Gagal mencari deskripsi.
07:23:23 | INFO    | [1946/2708] Mencari: Pantai BTM
07:23:23 | DEBUG   | [L1 Wiki] Error: Expecting value: line 1 column 1 (char 0)
07:23:23 | DEBUG   |       L1 Gagal, mencoba L2 DDGS...
07:23:31 | INFO    |       => Gagal mencari deskripsi.
07:23:32 | INFO    | [1958/2708] Mencari: Pantai Tueni
07:23:32 | DEBUG   | [L1 Wiki] Error: Expecting value: line 1 column 1 (char 0)
07:23:32 | DEBUG   |       L1 Gagal, mencoba L2 DDGS...
07:23:42 | INFO    |       => Gagal mencari deskripsi.
07:23:44 | INFO    | [1960/2708] Mencari: Waduk Tamariri
07:23:44 | DEBUG   | [L1 Wiki] Error: Expecting value: line 1 column 1 (char 0)
07:23:44 | DEBUG   |       L1 Gagal, mencoba L2 DDGS...
07:24:00 | INFO    |       => Gagal mencari deskripsi.
07:24:01 | INFO    | [1981/2708] Mencari: Pantai Karosi
07:24:01 | DEBUG   | [L1 Wiki] Error: Expecting value: line 1 column 1 (char 0)
07:24:01 | DEBUG   |       L1 Gagal, mencoba L2 DDGS...
07:24:15 | INFO    |       => Gagal mencari deskripsi.
07:24:16 | INFO    | [1987/2708] Mencari: Pantai Bengel
07:24:16 | DEBUG   | [L1 Wiki] Error: Expecting value: line 1 column 1 (char 0)
07:24:16 | DEBUG   |       L1 Gagal, mencoba L2 DDGS...
07:24:33 | INFO    |       => Gagal mencari deskripsi.
07:24:34 | INFO    | [Resume] Baris [1988/2708] terlewati (sudah ada data).
07:24:34 | INFO    | [1994/2708] Mencari: Pantai toweni
07:24:34 | DEBUG   | [L1 Wiki] Error: Expecting value: line 1 column 1 (char 0)
07:24:34 | DEBUG   |       L1 Gagal, mencoba L2 DDGS...
07:24:45 | DEBUG   | [L2 DDGS] Error: DecodeError: DecodeError('Body collection error: error decoding response body')
07:24:45 | INFO    |       => Gagal mencari deskripsi.
07:24:47 | INFO    | [2002/2708] Mencari: Air terjun fire keeper
07:24:47 | DEBUG   | [L1 Wiki] Error: Expecting value: line 1 column 1 (char 0)
07:24:47 | DEBUG   |       L1 Gagal, mencoba L2 DDGS...
07:24:58 | DEBUG   | [L2 BS4] Gagal ekstraksi url http://disbudpar.torajautarakab.go.id/ -> HTTPConnectionPool(host='disbudpar.torajautarakab.go.id', port=80): Max retries exceeded with url: / (Caused by ConnectTimeoutError(<HTTPConnection(host='disbudpar.torajautarakab.go.id', port=80) at 0x19c5f27c6e0>, 'Connection to disbudpar.torajautarakab.go.id timed out. (connect timeout=8)'))
07:25:03 | INFO    |       => Gagal mencari deskripsi.
07:25:05 | INFO    | [2020/2708] Mencari: Pantai Vaname
07:25:05 | DEBUG   | [L1 Wiki] Error: Expecting value: line 1 column 1 (char 0)
07:25:05 | DEBUG   |       L1 Gagal, mencoba L2 DDGS...
07:25:23 | INFO    |       => Gagal mencari deskripsi.
07:25:24 | INFO    | [2022/2708] Mencari: Pantai MHG
07:25:24 | DEBUG   | [L1 Wiki] Error: Expecting value: line 1 column 1 (char 0)
07:25:24 | DEBUG   |       L1 Gagal, mencoba L2 DDGS...
07:25:45 | DEBUG   | [L2 BS4] Gagal ekstraksi url https://narasisulsel.id/akan-dinikmati-warga-barru-dua-program-prioritas-ulfah-mhg-siap-diwujudkan/ -> HTTPSConnectionPool(host='narasisulsel.id', port=443): Read timed out. (read timeout=8)
07:25:45 | INFO    |       => Gagal mencari deskripsi.
07:25:47 | INFO    | [2030/2708] Mencari: FATUTOKO,GERESA,BUNGKU TIMUR,MOROWALI
07:25:47 | DEBUG   | [L1 Wiki] Error: Expecting value: line 1 column 1 (char 0)
07:25:47 | DEBUG   |       L1 Gagal, mencoba L2 DDGS...
07:25:57 | INFO    |       => Gagal mencari deskripsi.
07:25:58 | INFO    | [2033/2708] Mencari: Pantai Onowa
07:25:58 | DEBUG   | [L1 Wiki] Error: Expecting value: line 1 column 1 (char 0)
07:25:58 | DEBUG   |       L1 Gagal, mencoba L2 DDGS...
07:26:08 | INFO    |       => Gagal mencari deskripsi.
07:26:09 | INFO    | [2040/2708] Mencari: pantai langkowala
07:26:09 | DEBUG   | [L1 Wiki] Error: Expecting value: line 1 column 1 (char 0)
07:26:09 | DEBUG   |       L1 Gagal, mencoba L2 DDGS...
07:26:18 | INFO    |       => Sukses dari: https://www.harapansultra.com/lkpd-sultra-antar-harapan-rakyat-bombana-menjadi-kenyataan-jembatan-langkowala-segera-dibangun/
07:26:20 | INFO    | [2046/2708] Mencari: Pantai Poa
07:26:20 | DEBUG   | [L1 Wiki] Error: Expecting value: line 1 column 1 (char 0)
07:26:20 | DEBUG   |       L1 Gagal, mencoba L2 DDGS...
07:26:29 | INFO    |       => Gagal mencari deskripsi.
07:26:31 | INFO    | [2047/2708] Mencari: TASUMARO
07:26:31 | DEBUG   | [L1 Wiki] Error: Expecting value: line 1 column 1 (char 0)
07:26:31 | DEBUG   |       L1 Gagal, mencoba L2 DDGS...
07:26:39 | INFO    |       => Gagal mencari deskripsi.
07:26:40 | INFO    | [2054/2708] Mencari: BUKIT GORESAN TIMUATO
07:26:40 | DEBUG   | [L1 Wiki] Error: Expecting value: line 1 column 1 (char 0)
07:26:40 | DEBUG   |       L1 Gagal, mencoba L2 DDGS...
07:26:50 | INFO    |       => Gagal mencari deskripsi.
07:26:51 | INFO    | [2082/2708] Mencari: Pantai Majapahit
07:26:51 | DEBUG   | [L1 Wiki] Error: Expecting value: line 1 column 1 (char 0)
07:26:51 | DEBUG   |       L1 Gagal, mencoba L2 DDGS...
07:27:02 | INFO    |       => Gagal mencari deskripsi.
07:27:03 | INFO    | [2090/2708] Mencari: Bukit Tinabitte
07:27:03 | DEBUG   | [L1 Wiki] Error: Expecting value: line 1 column 1 (char 0)
07:27:03 | DEBUG   |       L1 Gagal, mencoba L2 DDGS...
07:27:15 | INFO    |       => Gagal mencari deskripsi.
07:27:17 | INFO    | *** Auto-saving 100 baris diproses...
07:27:17 | INFO    | [Resume] Baris [2100/2708] terlewati (sudah ada data).
07:27:17 | INFO    | [2112/2708] Mencari: Air Terjun Bantimurungnge
07:27:17 | DEBUG   | [L1 Wiki] Error: Expecting value: line 1 column 1 (char 0)
07:27:17 | DEBUG   |       L1 Gagal, mencoba L2 DDGS...
07:27:28 | INFO    |       => Gagal mencari deskripsi.
07:27:29 | INFO    | [2113/2708] Mencari: Pantai atapange
07:27:29 | DEBUG   | [L1 Wiki] Error: Expecting value: line 1 column 1 (char 0)
07:27:29 | DEBUG   |       L1 Gagal, mencoba L2 DDGS...
07:27:36 | INFO    |       => Gagal mencari deskripsi.
07:27:38 | INFO    | [2122/2708] Mencari: Tebingkai
07:27:38 | DEBUG   | [L1 Wiki] Error: Expecting value: line 1 column 1 (char 0)
07:27:38 | DEBUG   |       L1 Gagal, mencoba L2 DDGS...
07:27:51 | INFO    |       => Gagal mencari deskripsi.
07:27:53 | INFO    | [2130/2708] Mencari: Air Terjun Milango Lo Jini
07:27:53 | DEBUG   | [L1 Wiki] Error: Expecting value: line 1 column 1 (char 0)
07:27:53 | DEBUG   |       L1 Gagal, mencoba L2 DDGS...
07:28:01 | INFO    |       => Gagal mencari deskripsi.
07:28:02 | INFO    | [2138/2708] Mencari: Air Terjun Tolei
07:28:02 | DEBUG   | [L1 Wiki] Error: Expecting value: line 1 column 1 (char 0)
07:28:02 | DEBUG   |       L1 Gagal, mencoba L2 DDGS...
07:28:14 | INFO    |       => Gagal mencari deskripsi.
07:28:16 | INFO    | [2143/2708] Mencari: Air Terjun Barrasa
07:28:16 | DEBUG   | [L1 Wiki] Error: Expecting value: line 1 column 1 (char 0)
07:28:16 | DEBUG   |       L1 Gagal, mencoba L2 DDGS...
07:28:26 | INFO    |       => Gagal mencari deskripsi.
07:28:27 | INFO    | [2144/2708] Mencari: MAROLAND
07:28:27 | DEBUG   | [L1 Wiki] Error: Expecting value: line 1 column 1 (char 0)
07:28:27 | DEBUG   |       L1 Gagal, mencoba L2 DDGS...
07:28:37 | INFO    |       => Gagal mencari deskripsi.
07:28:39 | INFO    | [2151/2708] Mencari: Kolongko Beach
07:28:39 | DEBUG   | [L1 Wiki] Error: Expecting value: line 1 column 1 (char 0)
07:28:39 | DEBUG   |       L1 Gagal, mencoba L2 DDGS...
07:28:49 | INFO    |       => Gagal mencari deskripsi.
07:28:50 | INFO    | [2165/2708] Mencari: Air terjun 801
07:28:50 | DEBUG   | [L1 Wiki] Error: Expecting value: line 1 column 1 (char 0)
07:28:50 | DEBUG   |       L1 Gagal, mencoba L2 DDGS...
07:29:08 | INFO    |       => Gagal mencari deskripsi.
07:29:09 | INFO    | [2189/2708] Mencari: Bukit Kromo Leksono
07:29:09 | DEBUG   | [L1 Wiki] Error: Expecting value: line 1 column 1 (char 0)
07:29:09 | DEBUG   |       L1 Gagal, mencoba L2 DDGS...
07:29:18 | INFO    |       => Gagal mencari deskripsi.
07:29:20 | INFO    | [2197/2708] Mencari: Pantai Polongasa-Ds.Towondu
07:29:20 | DEBUG   | [L1 Wiki] Error: Expecting value: line 1 column 1 (char 0)
07:29:20 | DEBUG   |       L1 Gagal, mencoba L2 DDGS...
07:29:30 | DEBUG   | [L2 BS4] Gagal ekstraksi url https://jadesta.kemenparekraf.go.id/atraksi/pantai_polongasa -> HTTPSConnectionPool(host='jadesta.kemenparekraf.go.id', port=443): Max retries exceeded with url: /atraksi/pantai_polongasa (Caused by NameResolutionError("HTTPSConnection(host='jadesta.kemenparekraf.go.id', port=443): Failed to resolve 'jadesta.kemenparekraf.go.id' ([Errno 11002] getaddrinfo failed)"))
07:29:34 | INFO    |       => Gagal mencari deskripsi.
07:29:35 | INFO    | [2203/2708] Mencari: Bukit Doa APKB
07:29:35 | DEBUG   | [L1 Wiki] Error: Expecting value: line 1 column 1 (char 0)
07:29:35 | DEBUG   |       L1 Gagal, mencoba L2 DDGS...
07:29:55 | INFO    |       => Gagal mencari deskripsi.
07:29:56 | INFO    | [2205/2708] Mencari: Bahamast Cottage
07:29:56 | DEBUG   | [L1 Wiki] Error: Expecting value: line 1 column 1 (char 0)
07:29:56 | DEBUG   |       L1 Gagal, mencoba L2 DDGS...
07:30:06 | INFO    |       => Gagal mencari deskripsi.
07:30:07 | INFO    | [2207/2708] Mencari: Air Terjun Raptors
07:30:07 | DEBUG   | [L1 Wiki] Error: Expecting value: line 1 column 1 (char 0)
07:30:07 | DEBUG   |       L1 Gagal, mencoba L2 DDGS...
07:30:17 | INFO    |       => Gagal mencari deskripsi.
07:30:18 | INFO    | [2209/2708] Mencari: Pantai poltra
07:30:18 | DEBUG   | [L1 Wiki] Error: Expecting value: line 1 column 1 (char 0)
07:30:18 | DEBUG   |       L1 Gagal, mencoba L2 DDGS...
07:30:30 | INFO    |       => Gagal mencari deskripsi.
07:30:32 | INFO    | [2210/2708] Mencari: Pantai Yella
07:30:32 | DEBUG   | [L1 Wiki] Error: Expecting value: line 1 column 1 (char 0)
07:30:32 | DEBUG   |       L1 Gagal, mencoba L2 DDGS...
07:30:51 | DEBUG   | [L2 BS4] Gagal ekstraksi url https://unesco.or.id/wisata/pesona-wakatobi-wisata-alam-sulawesi/ -> HTTPSConnectionPool(host='unesco.or.id', port=443): Max retries exceeded with url: /wisata/pesona-wakatobi-wisata-alam-sulawesi/ (Caused by NameResolutionError("HTTPSConnection(host='unesco.or.id', port=443): Failed to resolve 'unesco.or.id' ([Errno 11001] getaddrinfo failed)"))
07:30:51 | INFO    |       => Gagal mencari deskripsi.
07:30:52 | INFO    | [Resume] Baris [2216/2708] terlewati (sudah ada data).
07:30:52 | INFO    | [2225/2708] Mencari: Camming
07:30:52 | DEBUG   | [L1 Wiki] Error: Expecting value: line 1 column 1 (char 0)
07:30:52 | DEBUG   |       L1 Gagal, mencoba L2 DDGS...
07:31:10 | INFO    |       => Gagal mencari deskripsi.
07:31:12 | INFO    | [2237/2708] Mencari: Bungko Mbembang
07:31:12 | DEBUG   | [L1 Wiki] Error: Expecting value: line 1 column 1 (char 0)
07:31:12 | DEBUG   |       L1 Gagal, mencoba L2 DDGS...
07:31:23 | INFO    |       => Gagal mencari deskripsi.
07:31:24 | INFO    | [2238/2708] Mencari: Pantai Malanggong (Matatas)
07:31:24 | DEBUG   | [L1 Wiki] Error: Expecting value: line 1 column 1 (char 0)
07:31:24 | DEBUG   |       L1 Gagal, mencoba L2 DDGS...
07:31:37 | INFO    |       => Gagal mencari deskripsi.
07:31:39 | INFO    | [2241/2708] Mencari: Pantai Moluno
07:31:39 | DEBUG   | [L1 Wiki] Error: Expecting value: line 1 column 1 (char 0)
07:31:39 | DEBUG   |       L1 Gagal, mencoba L2 DDGS...
07:31:49 | INFO    |       => Gagal mencari deskripsi.
07:31:51 | INFO    | *** Auto-saving 120 baris diproses...
07:31:51 | INFO    | [2242/2708] Mencari: Air terjun batu karoppa
07:31:51 | DEBUG   | [L1 Wiki] Error: Expecting value: line 1 column 1 (char 0)
07:31:51 | DEBUG   |       L1 Gagal, mencoba L2 DDGS...
07:32:00 | INFO    |       => Gagal mencari deskripsi.
07:32:02 | INFO    | [2265/2708] Mencari: Air terjun binjeita
07:32:02 | DEBUG   | [L1 Wiki] Error: Expecting value: line 1 column 1 (char 0)
07:32:02 | DEBUG   |       L1 Gagal, mencoba L2 DDGS...
07:32:14 | INFO    |       => Gagal mencari deskripsi.
07:32:15 | INFO    | [2270/2708] Mencari: Air Terjun Ogololo
07:32:15 | DEBUG   | [L1 Wiki] Error: Expecting value: line 1 column 1 (char 0)
07:32:15 | DEBUG   |       L1 Gagal, mencoba L2 DDGS...
07:32:24 | INFO    |       => Gagal mencari deskripsi.
07:32:26 | INFO    | [2282/2708] Mencari: Pasabbeng
07:32:26 | DEBUG   | [L1 Wiki] Error: Expecting value: line 1 column 1 (char 0)
07:32:26 | DEBUG   |       L1 Gagal, mencoba L2 DDGS...
07:32:33 | INFO    |       => Gagal mencari deskripsi.
07:32:34 | INFO    | [2296/2708] Mencari: Pantai berjodoh
07:32:35 | DEBUG   | [L1 Wiki] Error: Expecting value: line 1 column 1 (char 0)
07:32:35 | DEBUG   |       L1 Gagal, mencoba L2 DDGS...
07:32:52 | DEBUG   | [L2 BS4] Gagal ekstraksi url https://yazcorp.id/lokasi-wisata-pantai-plengkung-terletak-di-kecamatan-tegaldlimo-kabupaten-banyuwangi-jawa-timur -> HTTPSConnectionPool(host='yazcorp.id', port=443): Read timed out. (read timeout=8)
07:32:52 | INFO    |       => Gagal mencari deskripsi.
07:32:53 | INFO    | [2307/2708] Mencari: Goa Tokubet
07:32:53 | DEBUG   | [L1 Wiki] Error: Expecting value: line 1 column 1 (char 0)
07:32:53 | DEBUG   |       L1 Gagal, mencoba L2 DDGS...
07:33:09 | INFO    |       => Gagal mencari deskripsi.
07:33:10 | INFO    | [2308/2708] Mencari: KOYO BEACH
07:33:10 | DEBUG   | [L1 Wiki] Error: Expecting value: line 1 column 1 (char 0)
07:33:11 | DEBUG   |       L1 Gagal, mencoba L2 DDGS...
07:33:15 | INFO    |       => Sukses dari: https://jadesta.kemenpar.go.id/atraksi/koyo_beach
07:33:17 | INFO    | [2319/2708] Mencari: Bukit Alitta Madani
07:33:17 | DEBUG   | [L1 Wiki] Error: Expecting value: line 1 column 1 (char 0)
07:33:17 | DEBUG   |       L1 Gagal, mencoba L2 DDGS...
07:33:29 | INFO    |       => Gagal mencari deskripsi.
07:33:31 | INFO    | [2320/2708] Mencari: Air terjun Talise
07:33:31 | DEBUG   | [L1 Wiki] Error: Expecting value: line 1 column 1 (char 0)
07:33:31 | DEBUG   |       L1 Gagal, mencoba L2 DDGS...
07:33:42 | INFO    |       => Gagal mencari deskripsi.
07:33:44 | INFO    | [Resume] Baris [2329/2708] terlewati (sudah ada data).
07:33:44 | INFO    | [2332/2708] Mencari: Air Terjun Paralahune
07:33:44 | DEBUG   | [L1 Wiki] Error: Expecting value: line 1 column 1 (char 0)
07:33:44 | DEBUG   |       L1 Gagal, mencoba L2 DDGS...
07:33:53 | DEBUG   | [L2 DDGS] Error: RequestError: RequestError('error sending request for url (https://search.yahoo.com/search;_ylt=0PN0lCcfU5jYbIUIsE5OXlSA;_ylu=KrfYiSnkExL78-rZclElHhO9ccx6bZxTHTTSQ1pCntk-Z_0?p=Air+Terjun+Paralahune+Kabupaten+Konawe+Utara+wisata)', 'https://search.yahoo.com/search;_ylt=0PN0lCcfU5jYbIUIsE5OXlSA;_ylu=KrfYiSnkExL78-rZclElHhO9ccx6bZxTHTTSQ1pCntk-Z_0?p=Air+Terjun+Paralahune+Kabupaten+Konawe+Utara+wisata')
07:33:53 | INFO    |       => Gagal mencari deskripsi.
07:33:55 | INFO    | [2334/2708] Mencari: Air Terjun Doule
07:33:55 | DEBUG   | [L1 Wiki] Error: Expecting value: line 1 column 1 (char 0)
07:33:55 | DEBUG   |       L1 Gagal, mencoba L2 DDGS...
07:34:16 | DEBUG   | [L2 BS4] Gagal ekstraksi url https://jurnalsultra.id/dewan-harap-pemda-garap-potensi-wisata-buton-utara/ -> HTTPSConnectionPool(host='jurnalsultra.id', port=443): Read timed out. (read timeout=8)
07:34:16 | INFO    |       => Gagal mencari deskripsi.
07:34:18 | INFO    | [2345/2708] Mencari: BUKIT NIZAM
07:34:18 | DEBUG   | [L1 Wiki] Error: Expecting value: line 1 column 1 (char 0)
07:34:18 | DEBUG   |       L1 Gagal, mencoba L2 DDGS...
07:34:28 | INFO    |       => Gagal mencari deskripsi.
07:34:29 | INFO    | [2351/2708] Mencari: Pantai Talowara
07:34:29 | DEBUG   | [L1 Wiki] Error: Expecting value: line 1 column 1 (char 0)
07:34:29 | DEBUG   |       L1 Gagal, mencoba L2 DDGS...
07:34:43 | INFO    |       => Gagal mencari deskripsi.
07:34:44 | INFO    | [2358/2708] Mencari: Pantai Sampaga
07:34:44 | DEBUG   | [L1 Wiki] Error: Expecting value: line 1 column 1 (char 0)
07:34:44 | DEBUG   |       L1 Gagal, mencoba L2 DDGS...
07:34:58 | INFO    |       => Gagal mencari deskripsi.
07:34:59 | INFO    | [2364/2708] Mencari: Pantai Bahotonsu
07:34:59 | DEBUG   | [L1 Wiki] Error: Expecting value: line 1 column 1 (char 0)
07:34:59 | DEBUG   |       L1 Gagal, mencoba L2 DDGS...
07:35:10 | INFO    |       => Gagal mencari deskripsi.
07:35:11 | INFO    | [2369/2708] Mencari: Gunung parimata
07:35:11 | DEBUG   | [L1 Wiki] Error: Expecting value: line 1 column 1 (char 0)
07:35:11 | DEBUG   |       L1 Gagal, mencoba L2 DDGS...
07:35:16 | DEBUG   | [L2 BS4] Gagal ekstraksi url https://tribunrakyat.id/ayo-nikmati-4-destinasi-wisata-menarik-dan-unik-di-lembang-pata-padang/ -> HTTPSConnectionPool(host='tribunrakyat.id', port=443): Max retries exceeded with url: /ayo-nikmati-4-destinasi-wisata-menarik-dan-unik-di-lembang-pata-padang/ (Caused by NameResolutionError("HTTPSConnection(host='tribunrakyat.id', port=443): Failed to resolve 'tribunrakyat.id' ([Errno 11002] getaddrinfo failed)"))
07:35:21 | INFO    |       => Gagal mencari deskripsi.
07:35:22 | INFO    | [2378/2708] Mencari: Air Terjun Pandakes
07:35:22 | DEBUG   | [L1 Wiki] Error: Expecting value: line 1 column 1 (char 0)
07:35:22 | DEBUG   |       L1 Gagal, mencoba L2 DDGS...
07:35:32 | INFO    |       => Gagal mencari deskripsi.
07:35:33 | INFO    | [2379/2708] Mencari: Pantai Kacili Surabi
07:35:33 | DEBUG   | [L1 Wiki] Error: Expecting value: line 1 column 1 (char 0)
07:35:33 | DEBUG   |       L1 Gagal, mencoba L2 DDGS...
07:35:43 | INFO    |       => Gagal mencari deskripsi.
07:35:45 | INFO    | [2387/2708] Mencari: BUKIT KEMBAR
07:35:45 | DEBUG   | [L1 Wiki] Error: Expecting value: line 1 column 1 (char 0)
07:35:45 | DEBUG   |       L1 Gagal, mencoba L2 DDGS...
07:36:05 | INFO    |       => Gagal mencari deskripsi.
07:36:06 | INFO    | [2399/2708] Mencari: Kolam pattirotiroang
07:36:06 | DEBUG   | [L1 Wiki] Error: Expecting value: line 1 column 1 (char 0)
07:36:06 | DEBUG   |       L1 Gagal, mencoba L2 DDGS...
07:36:19 | INFO    |       => Gagal mencari deskripsi.
07:36:21 | INFO    | *** Auto-saving 140 baris diproses...
07:36:21 | INFO    | [2401/2708] Mencari: Otalojin (Batu jin)
07:36:21 | DEBUG   | [L1 Wiki] Error: Expecting value: line 1 column 1 (char 0)
07:36:21 | DEBUG   |       L1 Gagal, mencoba L2 DDGS...
07:36:29 | INFO    |       => Gagal mencari deskripsi.
07:36:30 | INFO    | [2402/2708] Mencari: Pemandian Lomboan (Nonulo Bahari)
07:36:30 | DEBUG   | [L1 Wiki] Error: Expecting value: line 1 column 1 (char 0)
07:36:30 | DEBUG   |       L1 Gagal, mencoba L2 DDGS...
07:36:40 | INFO    |       => Sukses dari: https://ikm.banggaikep.go.id/destinasi?p=3
07:36:41 | INFO    | [2403/2708] Mencari: PANTAI BONDU BONDU
07:36:41 | DEBUG   | [L1 Wiki] Error: Expecting value: line 1 column 1 (char 0)
07:36:41 | DEBUG   |       L1 Gagal, mencoba L2 DDGS...
07:36:52 | INFO    |       => Gagal mencari deskripsi.
07:36:53 | INFO    | [2408/2708] Mencari: Pantai Ombuo
07:36:53 | DEBUG   | [L1 Wiki] Error: Expecting value: line 1 column 1 (char 0)
07:36:53 | DEBUG   |       L1 Gagal, mencoba L2 DDGS...
07:37:03 | INFO    |       => Gagal mencari deskripsi.
07:37:05 | INFO    | [2409/2708] Mencari: A.M.R Shop
07:37:05 | DEBUG   | [L1 Wiki] Error: Expecting value: line 1 column 1 (char 0)
07:37:05 | DEBUG   |       L1 Gagal, mencoba L2 DDGS...
07:37:18 | DEBUG   | [L2 BS4] Gagal ekstraksi url https://wajokab.go.id/berita/detail/peresmian-pasar-lampulung-bupati-wajo-kejayaan-wisata-wajo-akan-dikembalikan -> HTTPSConnectionPool(host='wajokab.go.id', port=443): Read timed out. (read timeout=8)
07:37:24 | DEBUG   | [L2 BS4] Gagal ekstraksi url https://jadesta.kemenparekraf.go.id/desa/wajo_traditional_village -> HTTPSConnectionPool(host='jadesta.kemenparekraf.go.id', port=443): Max retries exceeded with url: /desa/wajo_traditional_village (Caused by NameResolutionError("HTTPSConnection(host='jadesta.kemenparekraf.go.id', port=443): Failed to resolve 'jadesta.kemenparekraf.go.id' ([Errno 11002] getaddrinfo failed)"))
07:37:26 | INFO    |       => Gagal mencari deskripsi.
07:37:27 | INFO    | [2413/2708] Mencari: Pantai dewi
07:37:27 | DEBUG   | [L1 Wiki] Error: Expecting value: line 1 column 1 (char 0)
07:37:27 | DEBUG   |       L1 Gagal, mencoba L2 DDGS...
07:37:41 | INFO    |       => Gagal mencari deskripsi.
07:37:43 | INFO    | [2422/2708] Mencari: Air terjun Saluntere
07:37:43 | DEBUG   | [L1 Wiki] Error: Expecting value: line 1 column 1 (char 0)
07:37:43 | DEBUG   |       L1 Gagal, mencoba L2 DDGS...
07:38:03 | INFO    |       => Gagal mencari deskripsi.
07:38:04 | INFO    | [2430/2708] Mencari: Pantai Ujung Kelapa
07:38:04 | DEBUG   | [L1 Wiki] Error: Expecting value: line 1 column 1 (char 0)
07:38:04 | DEBUG   |       L1 Gagal, mencoba L2 DDGS...
07:38:17 | DEBUG   | [L2 BS4] Gagal ekstraksi url https://pariwisata.kepulauanselayarkab.go.id/ -> HTTPSConnectionPool(host='pariwisata.kepulauanselayarkab.go.id', port=443): Read timed out. (read timeout=8)
07:38:20 | INFO    |       => Gagal mencari deskripsi.
07:38:22 | INFO    | [2432/2708] Mencari: Bukit penantian
07:38:22 | DEBUG   | [L1 Wiki] Error: Expecting value: line 1 column 1 (char 0)
07:38:22 | DEBUG   |       L1 Gagal, mencoba L2 DDGS...
07:38:26 | DEBUG   | [L2 BS4] Gagal ekstraksi url https://pariwisata.tanatorajakab.go.id/ -> HTTPSConnectionPool(host='pariwisata.tanatorajakab.go.id', port=443): Max retries exceeded with url: / (Caused by NameResolutionError("HTTPSConnection(host='pariwisata.tanatorajakab.go.id', port=443): Failed to resolve 'pariwisata.tanatorajakab.go.id' ([Errno 11001] getaddrinfo failed)"))
07:38:30 | INFO    |       => Gagal mencari deskripsi.
07:38:32 | INFO    | [2433/2708] Mencari: GUA KAMBUNO
07:38:32 | DEBUG   | [L1 Wiki] Error: Expecting value: line 1 column 1 (char 0)
07:38:32 | DEBUG   |       L1 Gagal, mencoba L2 DDGS...
07:38:41 | DEBUG   | [L2 BS4] Gagal ekstraksi url https://jadesta.kemenparekraf.go.id/desa/tompo_bulu_1 -> HTTPSConnectionPool(host='jadesta.kemenparekraf.go.id', port=443): Max retries exceeded with url: /desa/tompo_bulu_1 (Caused by NameResolutionError("HTTPSConnection(host='jadesta.kemenparekraf.go.id', port=443): Failed to resolve 'jadesta.kemenparekraf.go.id' ([Errno 11002] getaddrinfo failed)"))
07:38:43 | INFO    |       => Gagal mencari deskripsi.
07:38:45 | INFO    | [2435/2708] Mencari: Buttu Saletta
07:38:45 | DEBUG   | [L1 Wiki] Error: Expecting value: line 1 column 1 (char 0)
07:38:45 | DEBUG   |       L1 Gagal, mencoba L2 DDGS...
07:38:55 | INFO    |       => Gagal mencari deskripsi.
07:38:57 | INFO    | [2448/2708] Mencari: Air Terjun Pesak
07:38:57 | DEBUG   | [L1 Wiki] Error: Expecting value: line 1 column 1 (char 0)
07:38:57 | DEBUG   |       L1 Gagal, mencoba L2 DDGS...
07:39:08 | INFO    |       => Gagal mencari deskripsi.
07:39:10 | INFO    | [Resume] Baris [2452/2708] terlewati (sudah ada data).
07:39:10 | INFO    | [2466/2708] Mencari: Bukit Arung Bua
07:39:10 | DEBUG   | [L1 Wiki] Error: Expecting value: line 1 column 1 (char 0)
07:39:10 | DEBUG   |       L1 Gagal, mencoba L2 DDGS...
07:39:14 | INFO    |       => Gagal mencari deskripsi.
07:39:16 | INFO    | [2467/2708] Mencari: Balara Beach
07:39:16 | DEBUG   | [L1 Wiki] Error: Expecting value: line 1 column 1 (char 0)
07:39:16 | DEBUG   |       L1 Gagal, mencoba L2 DDGS...
07:39:25 | INFO    |       => Gagal mencari deskripsi.
07:39:26 | INFO    | [2473/2708] Mencari: Pante Kalou
07:39:26 | DEBUG   | [L1 Wiki] Error: Expecting value: line 1 column 1 (char 0)
07:39:26 | DEBUG   |       L1 Gagal, mencoba L2 DDGS...
07:39:34 | INFO    |       => Gagal mencari deskripsi.
07:39:36 | INFO    | [2476/2708] Mencari: Pantai Nanaka
07:39:36 | DEBUG   | [L1 Wiki] Error: Expecting value: line 1 column 1 (char 0)
07:39:36 | DEBUG   |       L1 Gagal, mencoba L2 DDGS...
07:39:40 | INFO    |       => Sukses dari: https://id.wikipedia.org/wiki/Pulau_Nanaka
07:39:41 | INFO    | [2479/2708] Mencari: AIR TERJUN TETENU
07:39:41 | DEBUG   | [L1 Wiki] Error: Expecting value: line 1 column 1 (char 0)
07:39:41 | DEBUG   |       L1 Gagal, mencoba L2 DDGS...
07:39:52 | INFO    |       => Gagal mencari deskripsi.
07:39:53 | INFO    | [2480/2708] Mencari: Pantai Batugong
07:39:53 | DEBUG   | [L1 Wiki] Error: Expecting value: line 1 column 1 (char 0)
07:39:53 | DEBUG   |       L1 Gagal, mencoba L2 DDGS...
07:40:02 | INFO    |       => Sukses dari: https://anoatimes.com/2021/07/belasan-wisatawan-pantai-batugong-dihantam-gelombang-tinggi-satu-meninggal-dua-hilang/
07:40:04 | INFO    | [2483/2708] Mencari: PUNCAK SATIRA
07:40:04 | DEBUG   | [L1 Wiki] Error: Expecting value: line 1 column 1 (char 0)
07:40:04 | DEBUG   |       L1 Gagal, mencoba L2 DDGS...
07:40:10 | INFO    |       => Sukses dari: https://tempatwisataseru.com/tempat-wisata-di-mamuju-terbaik-hits-yang-wajib-dikunjungi/
07:40:11 | INFO    | [2486/2708] Mencari: Air Terjun Bongoda'a
07:40:11 | DEBUG   | [L1 Wiki] Error: Expecting value: line 1 column 1 (char 0)
07:40:11 | DEBUG   |       L1 Gagal, mencoba L2 DDGS...
07:40:23 | INFO    |       => Gagal mencari deskripsi.
07:40:25 | INFO    | *** Auto-saving 160 baris diproses...
07:40:25 | INFO    | [2501/2708] Mencari: Pantai Batuajara
07:40:25 | DEBUG   | [L1 Wiki] Error: Expecting value: line 1 column 1 (char 0)
07:40:25 | DEBUG   |       L1 Gagal, mencoba L2 DDGS...
07:40:34 | INFO    |       => Gagal mencari deskripsi.
07:40:36 | INFO    | [2506/2708] Mencari: Bukit Jokowi
07:40:36 | DEBUG   | [L1 Wiki] Error: Expecting value: line 1 column 1 (char 0)
07:40:36 | DEBUG   |       L1 Gagal, mencoba L2 DDGS...
07:40:46 | INFO    |       => Gagal mencari deskripsi.
07:40:47 | INFO    | [2510/2708] Mencari: Pantai PELANGI
07:40:47 | DEBUG   | [L1 Wiki] Error: Expecting value: line 1 column 1 (char 0)
07:40:47 | DEBUG   |       L1 Gagal, mencoba L2 DDGS...
07:40:55 | INFO    |       => Gagal mencari deskripsi.
07:40:57 | INFO    | [2513/2708] Mencari: Pirsah
07:40:57 | DEBUG   | [L1 Wiki] Error: Expecting value: line 1 column 1 (char 0)
07:40:57 | DEBUG   |       L1 Gagal, mencoba L2 DDGS...
07:41:05 | INFO    |       => Gagal mencari deskripsi.
07:41:07 | INFO    | [2524/2708] Mencari: Danau Dowiwi
07:41:07 | DEBUG   | [L1 Wiki] Error: Expecting value: line 1 column 1 (char 0)
07:41:07 | DEBUG   |       L1 Gagal, mencoba L2 DDGS...
07:41:16 | DEBUG   | [L2 DDGS] Error: RequestError: RequestError('error sending request for url (https://search.yahoo.com/search;_ylt=5km9rjspYvRSG0sunTNGeKo8;_ylu=NxCuvQMO5RN9Psp79RNZU27wAWP6FQo6aw3DaZDfkmaHwug?p=Danau+Dowiwi+Kabupaten+Banggai+wisata)', 'https://search.yahoo.com/search;_ylt=5km9rjspYvRSG0sunTNGeKo8;_ylu=NxCuvQMO5RN9Psp79RNZU27wAWP6FQo6aw3DaZDfkmaHwug?p=Danau+Dowiwi+Kabupaten+Banggai+wisata')
07:41:16 | INFO    |       => Gagal mencari deskripsi.
07:41:18 | INFO    | [2557/2708] Mencari: Gunung Lantiangoro
07:41:18 | DEBUG   | [L1 Wiki] Error: Expecting value: line 1 column 1 (char 0)
07:41:18 | DEBUG   |       L1 Gagal, mencoba L2 DDGS...
07:41:29 | INFO    |       => Gagal mencari deskripsi.
07:41:31 | INFO    | [2560/2708] Mencari: Cahaya Berkah Abadi
07:41:31 | DEBUG   | [L1 Wiki] Error: Expecting value: line 1 column 1 (char 0)
07:41:31 | DEBUG   |       L1 Gagal, mencoba L2 DDGS...
07:41:41 | INFO    |       => Gagal mencari deskripsi.
07:41:42 | INFO    | [2562/2708] Mencari: Minawo 2
07:41:42 | DEBUG   | [L1 Wiki] Error: Expecting value: line 1 column 1 (char 0)
07:41:42 | DEBUG   |       L1 Gagal, mencoba L2 DDGS...
07:41:53 | INFO    |       => Sukses dari: https://www.skyscanner.com.tr/hotels/endonezya/south-sulawesi-hotels/yakini-minawo-2/pl-217122348
07:41:55 | INFO    | [2564/2708] Mencari: Pantai Tinonnong
07:41:55 | DEBUG   | [L1 Wiki] Error: Expecting value: line 1 column 1 (char 0)
07:41:55 | DEBUG   |       L1 Gagal, mencoba L2 DDGS...
07:42:07 | INFO    |       => Gagal mencari deskripsi.
07:42:09 | INFO    | [Resume] Baris [2569/2708] terlewati (sudah ada data).
07:42:09 | INFO    | [2570/2708] Mencari: Air Terjun Lena
07:42:09 | DEBUG   | [L1 Wiki] Error: Expecting value: line 1 column 1 (char 0)
07:42:09 | DEBUG   |       L1 Gagal, mencoba L2 DDGS...
07:42:18 | INFO    |       => Gagal mencari deskripsi.
07:42:20 | INFO    | [2580/2708] Mencari: Burias
07:42:20 | DEBUG   | [L1 Wiki] Error: Expecting value: line 1 column 1 (char 0)
07:42:20 | DEBUG   |       L1 Gagal, mencoba L2 DDGS...
07:42:53 | INFO    |       => Gagal mencari deskripsi.
07:42:55 | INFO    | [2582/2708] Mencari: Pantai Bamba
07:42:55 | DEBUG   | [L1 Wiki] Error: Expecting value: line 1 column 1 (char 0)
07:42:55 | DEBUG   |       L1 Gagal, mencoba L2 DDGS...
07:43:03 | INFO    |       => Sukses dari: https://www.posrakyat.com/meriahkan-pantai-bamba-lomba-perahu-layar-tradisional-berani-race-disambut-antusias-oleh-warga-tawaeli/
07:43:04 | INFO    | [2584/2708] Mencari: Paisupuso Jaya
07:43:04 | DEBUG   | [L1 Wiki] Error: Expecting value: line 1 column 1 (char 0)
07:43:04 | DEBUG   |       L1 Gagal, mencoba L2 DDGS...
07:43:15 | INFO    |       => Gagal mencari deskripsi.
07:43:17 | INFO    | [2585/2708] Mencari: Pantai Amine wa Myriem
07:43:17 | DEBUG   | [L1 Wiki] Error: Expecting value: line 1 column 1 (char 0)
07:43:17 | DEBUG   |       L1 Gagal, mencoba L2 DDGS...
07:43:31 | INFO    |       => Gagal mencari deskripsi.
07:43:32 | INFO    | [2586/2708] Mencari: Pantai Batharagala
07:43:32 | DEBUG   | [L1 Wiki] Error: Expecting value: line 1 column 1 (char 0)
07:43:32 | DEBUG   |       L1 Gagal, mencoba L2 DDGS...
07:43:40 | INFO    |       => Gagal mencari deskripsi.
07:43:42 | INFO    | [2588/2708] Mencari: Pantai Lantowua (small beach public)
07:43:42 | DEBUG   | [L1 Wiki] Error: Expecting value: line 1 column 1 (char 0)
07:43:42 | DEBUG   |       L1 Gagal, mencoba L2 DDGS...
07:43:51 | INFO    |       => Gagal mencari deskripsi.
07:43:53 | INFO    | [2598/2708] Mencari: Pantai Kire
07:43:53 | DEBUG   | [L1 Wiki] Error: Expecting value: line 1 column 1 (char 0)
07:43:53 | DEBUG   |       L1 Gagal, mencoba L2 DDGS...
07:44:01 | INFO    |       => Gagal mencari deskripsi.
07:44:02 | INFO    | [2599/2708] Mencari: Lorong Lembang Bunga
07:44:02 | DEBUG   | [L1 Wiki] Error: Expecting value: line 1 column 1 (char 0)
07:44:02 | DEBUG   |       L1 Gagal, mencoba L2 DDGS...
07:44:06 | INFO    |       => Sukses dari: https://id.wikipedia.org/wiki/Lembang_Lembang,_Limboro,_Polewali_Mandar
07:44:08 | INFO    | [2608/2708] Mencari: Pantai El-Shaddai
07:44:08 | DEBUG   | [L1 Wiki] Error: Expecting value: line 1 column 1 (char 0)
07:44:08 | DEBUG   |       L1 Gagal, mencoba L2 DDGS...
07:44:17 | INFO    |       => Gagal mencari deskripsi.
07:44:19 | INFO    | [2610/2708] Mencari: Pantai pemamengketang
07:44:19 | DEBUG   | [L1 Wiki] Error: Expecting value: line 1 column 1 (char 0)
07:44:19 | DEBUG   |       L1 Gagal, mencoba L2 DDGS...
07:44:32 | INFO    |       => Gagal mencari deskripsi.
07:44:34 | INFO    | *** Auto-saving 180 baris diproses...
07:44:34 | INFO    | [2612/2708] Mencari: Nusa dolong
07:44:34 | DEBUG   | [L1 Wiki] Error: Expecting value: line 1 column 1 (char 0)
07:44:34 | DEBUG   |       L1 Gagal, mencoba L2 DDGS...
07:44:43 | INFO    |       => Gagal mencari deskripsi.
07:44:44 | INFO    | [2613/2708] Mencari: Bolo lia 1
07:44:44 | DEBUG   | [L1 Wiki] Error: Expecting value: line 1 column 1 (char 0)
07:44:44 | DEBUG   |       L1 Gagal, mencoba L2 DDGS...
07:44:54 | INFO    |       => Gagal mencari deskripsi.
07:44:55 | INFO    | [2618/2708] Mencari: POCI
07:44:55 | DEBUG   | [L1 Wiki] Error: Expecting value: line 1 column 1 (char 0)
07:44:55 | DEBUG   |       L1 Gagal, mencoba L2 DDGS...
07:45:17 | DEBUG   | [L2 BS4] Gagal ekstraksi url https://holidayangkasawisata.com/8-tempat-wisata-yang-wajib-dikunjungi-di-kota-palu-sulawesi-tengah/ -> HTTPSConnectionPool(host='holidayangkasawisata.com', port=443): Max retries exceeded with url: /8-tempat-wisata-yang-wajib-dikunjungi-di-kota-palu-sulawesi-tengah/ (Caused by SSLError(SSLCertVerificationError(1, "[SSL: CERTIFICATE_VERIFY_FAILED] certificate verify failed: Hostname mismatch, certificate is not valid for 'holidayangkasawisata.com'. (_ssl.c:1081)")))
07:45:17 | INFO    |       => Gagal mencari deskripsi.
07:45:18 | INFO    | [2622/2708] Mencari: Pantai Toromaginti
07:45:18 | DEBUG   | [L1 Wiki] Error: Expecting value: line 1 column 1 (char 0)
07:45:18 | DEBUG   |       L1 Gagal, mencoba L2 DDGS...
07:45:31 | INFO    |       => Gagal mencari deskripsi.
07:45:32 | INFO    | [2623/2708] Mencari: Landuli
07:45:32 | DEBUG   | [L1 Wiki] Error: Expecting value: line 1 column 1 (char 0)
07:45:32 | DEBUG   |       L1 Gagal, mencoba L2 DDGS...
07:45:42 | INFO    |       => Gagal mencari deskripsi.
07:45:43 | INFO    | [2633/2708] Mencari: gunung Nusantara
07:45:43 | DEBUG   | [L1 Wiki] Error: Expecting value: line 1 column 1 (char 0)
07:45:43 | DEBUG   |       L1 Gagal, mencoba L2 DDGS...
07:45:50 | DEBUG   | [L2 BS4] Gagal ekstraksi url https://jadesta.kemenparekraf.go.id/desa/tompo_bulu_1 -> HTTPSConnectionPool(host='jadesta.kemenparekraf.go.id', port=443): Max retries exceeded with url: /desa/tompo_bulu_1 (Caused by NameResolutionError("HTTPSConnection(host='jadesta.kemenparekraf.go.id', port=443): Failed to resolve 'jadesta.kemenparekraf.go.id' ([Errno 11002] getaddrinfo failed)"))
07:45:55 | INFO    |       => Gagal mencari deskripsi.
07:45:56 | INFO    | [2639/2708] Mencari: Air Terjun Bilatu
07:45:56 | DEBUG   | [L1 Wiki] Error: Expecting value: line 1 column 1 (char 0)
07:45:56 | DEBUG   |       L1 Gagal, mencoba L2 DDGS...
07:46:03 | DEBUG   | [L2 DDGS] Error: ConnectError: ConnectError('error sending request for url (https://html.duckduckgo.com/html/)', 'https://html.duckduckgo.com/html/')
07:46:03 | INFO    |       => Gagal mencari deskripsi.
07:46:05 | INFO    | [2650/2708] Mencari: Tanggul Khayal
07:46:05 | DEBUG   | [L1 Wiki] Error: Expecting value: line 1 column 1 (char 0)
07:46:05 | DEBUG   |       L1 Gagal, mencoba L2 DDGS...
07:46:17 | INFO    |       => Gagal mencari deskripsi.
07:46:19 | INFO    | [2653/2708] Mencari: PANTAI KEI-KEI
07:46:19 | DEBUG   | [L1 Wiki] Error: Expecting value: line 1 column 1 (char 0)
07:46:19 | DEBUG   |       L1 Gagal, mencoba L2 DDGS...
07:46:36 | DEBUG   | [L2 BS4] Gagal ekstraksi url https://www.kei-ind.com/ -> HTTPSConnectionPool(host='www.kei-ind.com', port=443): Read timed out. (read timeout=8)
07:46:36 | INFO    |       => Gagal mencari deskripsi.
07:46:38 | INFO    | [2667/2708] Mencari: Air Terjun Torotuo
07:46:38 | DEBUG   | [L1 Wiki] Error: Expecting value: line 1 column 1 (char 0)
07:46:38 | DEBUG   |       L1 Gagal, mencoba L2 DDGS...
07:46:52 | DEBUG   | [L2 BS4] Gagal ekstraksi url https://wisato.id/wisata-alam/kolaka-utara-kabupaten-dengan-10-destinasi-wisata-terbaik/ -> HTTPSConnectionPool(host='wisato.id', port=443): Read timed out. (read timeout=8)
07:46:52 | INFO    |       => Gagal mencari deskripsi.
07:46:54 | INFO    | [2675/2708] Mencari: KTM Landevaso
07:46:54 | DEBUG   | [L1 Wiki] Error: Expecting value: line 1 column 1 (char 0)
07:46:54 | DEBUG   |       L1 Gagal, mencoba L2 DDGS...
07:47:03 | INFO    |       => Gagal mencari deskripsi.
07:47:05 | INFO    | [2678/2708] Mencari: DANAU HITAM
07:47:05 | DEBUG   | [L1 Wiki] Error: Expecting value: line 1 column 1 (char 0)
07:47:05 | DEBUG   |       L1 Gagal, mencoba L2 DDGS...
07:47:14 | INFO    |       => Sukses dari: https://www.zabljak.com/id/black-lake-zabljak-montenegro
07:47:16 | INFO    | [2681/2708] Mencari: air terjun taddolli
07:47:16 | DEBUG   | [L1 Wiki] Error: Expecting value: line 1 column 1 (char 0)
07:47:16 | DEBUG   |       L1 Gagal, mencoba L2 DDGS...
07:47:29 | DEBUG   | [L2 BS4] Gagal ekstraksi url https://wisato.id/wisata-alam/berpetualang-di-sinjai-sulawesi-selatan-dengan-7-tempat-wisata-spektakuler/ -> HTTPSConnectionPool(host='wisato.id', port=443): Read timed out. (read timeout=8)
07:47:30 | INFO    |       => Gagal mencari deskripsi.
07:47:32 | INFO    | [2682/2708] Mencari: Buttu Lanjanan
07:47:32 | DEBUG   | [L1 Wiki] Error: Expecting value: line 1 column 1 (char 0)
07:47:32 | DEBUG   |       L1 Gagal, mencoba L2 DDGS...
07:47:37 | INFO    |       => Gagal mencari deskripsi.
07:47:39 | INFO    | [2683/2708] Mencari: Lante-lante
07:47:39 | DEBUG   | [L1 Wiki] Error: Expecting value: line 1 column 1 (char 0)
07:47:39 | DEBUG   |       L1 Gagal, mencoba L2 DDGS...
07:47:48 | INFO    |       => Gagal mencari deskripsi.
07:47:50 | INFO    | [2684/2708] Mencari: UD. divo sejaterah🌽
07:47:50 | DEBUG   | [L1 Wiki] Error: Expecting value: line 1 column 1 (char 0)
07:47:50 | DEBUG   |       L1 Gagal, mencoba L2 DDGS...
07:48:00 | INFO    |       => Gagal mencari deskripsi.
07:48:01 | INFO    | [2687/2708] Mencari: Pantai kasosona
07:48:01 | DEBUG   | [L1 Wiki] Error: Expecting value: line 1 column 1 (char 0)
07:48:01 | DEBUG   |       L1 Gagal, mencoba L2 DDGS...
07:48:10 | DEBUG   | [L2 BS4] Gagal ekstraksi url https://jdihn.go.id/files/403/1460039680_2._ranperda_rippda_pdf.pdf -> HTTPSConnectionPool(host='jdihn.go.id', port=443): Max retries exceeded with url: /files/403/1460039680_2._ranperda_rippda_pdf.pdf (Caused by SSLError(SSLCertVerificationError(1, '[SSL: CERTIFICATE_VERIFY_FAILED] certificate verify failed: unable to get local issuer certificate (_ssl.c:1081)')))
07:48:10 | INFO    |       => Gagal mencari deskripsi.
07:48:12 | INFO    | [2688/2708] Mencari: Bukit Emot
07:48:12 | DEBUG   | [L1 Wiki] Error: Expecting value: line 1 column 1 (char 0)
07:48:12 | DEBUG   |       L1 Gagal, mencoba L2 DDGS...
07:48:24 | INFO    |       => Gagal mencari deskripsi.
07:48:25 | INFO    | [2689/2708] Mencari: Bukit Peca
07:48:25 | DEBUG   | [L1 Wiki] Error: Expecting value: line 1 column 1 (char 0)
07:48:25 | DEBUG   |       L1 Gagal, mencoba L2 DDGS...
07:48:41 | INFO    |       => Gagal mencari deskripsi.
07:48:43 | INFO    | [2695/2708] Mencari: Pantai paranti Tabang
07:48:43 | DEBUG   | [L1 Wiki] Error: Expecting value: line 1 column 1 (char 0)
07:48:43 | DEBUG   |       L1 Gagal, mencoba L2 DDGS...
07:48:54 | INFO    |       => Gagal mencari deskripsi.
07:48:55 | INFO    | *** Auto-saving 200 baris diproses...
07:48:55 | INFO    | [2696/2708] Mencari: Pantai Pompole Tosale
07:48:55 | DEBUG   | [L1 Wiki] Error: Expecting value: line 1 column 1 (char 0)
07:48:55 | DEBUG   |       L1 Gagal, mencoba L2 DDGS...
07:49:06 | INFO    |       => Sukses dari: https://www.tosale.id/infografis
07:49:07 | INFO    | [2697/2708] Mencari: Bukit Eksis Matolele
07:49:07 | DEBUG   | [L1 Wiki] Error: Expecting value: line 1 column 1 (char 0)
07:49:07 | DEBUG   |       L1 Gagal, mencoba L2 DDGS...
07:49:20 | INFO    |       => Gagal mencari deskripsi.
07:49:21 | INFO    | [Resume] Baris [2702/2708] terlewati (sudah ada data).
07:49:21 | INFO    | [2704/2708] Mencari: Air terjun salubi
07:49:21 | DEBUG   | [L1 Wiki] Error: Expecting value: line 1 column 1 (char 0)
07:49:21 | DEBUG   |       L1 Gagal, mencoba L2 DDGS...
07:49:31 | INFO    |       => Gagal mencari deskripsi.
07:49:32 | INFO    | [2705/2708] Mencari: Air terjun penonoan
07:49:32 | DEBUG   | [L1 Wiki] Error: Expecting value: line 1 column 1 (char 0)
07:49:32 | DEBUG   |       L1 Gagal, mencoba L2 DDGS...
07:49:43 | INFO    |       => Gagal mencari deskripsi.
07:49:44 | INFO    | 
Menyimpan file final...
07:49:44 | INFO    | Berhasil disimpan: D:\semester6\mc_learning\scrapt_wisata\deskripsi\scrap_deskripsi_wisata.csv
07:49:44 | INFO    | Selesai dikerjakan!
