08:06:37 | INFO    | ============================================================
08:06:37 | INFO    | Memulai Scraper Deskripsi Wisata (L1: Wikipedia, L2: BS4, L3: Playwright)
08:06:37 | INFO    | ============================================================
08:06:37 | INFO    | Membaca data dari: D:\semester6\mc_learning\scrapt_wisata\deskripsi\scrap_deskripsi_wisata.csv
08:06:37 | INFO    | Total baris dataset: 2708
08:06:37 | INFO    | [Resume] Baris [100/2708] terlewati (sudah ada data).
08:06:37 | INFO    | [169/2708] Mencari: Air Terjun Pialaa
08:06:38 | DEBUG   | [L1 Wiki] Error: Expecting value: line 1 column 1 (char 0)
08:06:38 | DEBUG   |       L1 Gagal, mencoba L2/L3 DDGS/BS4/Playwright...
08:06:44 | DEBUG   |       L2 Gagal. Mencoba L3 Playwright...
08:06:47 | INFO    |       => Gagal mencari deskripsi.
08:06:48 | INFO    | [Resume] Baris [201/2708] terlewati (sudah ada data).
08:06:48 | INFO    | [231/2708] Mencari: Taman Pantai mahaas
08:06:48 | DEBUG   | [L1 Wiki] Error: Expecting value: line 1 column 1 (char 0)
08:06:48 | DEBUG   |       L1 Gagal, mencoba L2/L3 DDGS/BS4/Playwright...
08:07:01 | DEBUG   |       L2 Gagal. Mencoba L3 Playwright...
08:07:05 | INFO    |       => Gagal mencari deskripsi.
08:07:06 | INFO    | [281/2708] Mencari: Pantai Panrangluhu
08:07:06 | DEBUG   | [L1 Wiki] Error: Expecting value: line 1 column 1 (char 0)
08:07:06 | DEBUG   |       L1 Gagal, mencoba L2/L3 DDGS/BS4/Playwright...
08:07:16 | DEBUG   |       L2 Gagal. Mencoba L3 Playwright...
08:07:20 | INFO    |       => Gagal mencari deskripsi.
08:07:22 | INFO    | [283/2708] Mencari: Mah'watu
08:07:22 | DEBUG   | [L1 Wiki] Error: Expecting value: line 1 column 1 (char 0)
08:07:22 | DEBUG   |       L1 Gagal, mencoba L2/L3 DDGS/BS4/Playwright...
08:07:27 | DEBUG   |       L2 Gagal. Mencoba L3 Playwright...
08:07:29 | INFO    |       => Sukses dari: https://www.tiktok.com/discover/mahwatu-tomohon [Snippet]
08:07:30 | INFO    | [Resume] Baris [304/2708] terlewati (sudah ada data).
08:07:30 | INFO    | [387/2708] Mencari: Air Terjun Loli Tasiburi
08:07:30 | DEBUG   | [L1 Wiki] Error: Expecting value: line 1 column 1 (char 0)
08:07:30 | DEBUG   |       L1 Gagal, mencoba L2/L3 DDGS/BS4/Playwright...
08:07:44 | DEBUG   | [DDGS] Error: ConnectError: ConnectError('error sending request for url (https://html.duckduckgo.com/html/)', 'https://html.duckduckgo.com/html/')
08:07:44 | INFO    |       => Gagal mencari deskripsi.
08:07:45 | INFO    | [Resume] Baris [405/2708] terlewati (sudah ada data).
08:07:45 | INFO    | [467/2708] Mencari: Kabesaran Beach
08:07:45 | DEBUG   | [L1 Wiki] Error: Expecting value: line 1 column 1 (char 0)
08:07:45 | DEBUG   |       L1 Gagal, mencoba L2/L3 DDGS/BS4/Playwright...
08:07:57 | INFO    |       => Sukses dari: https://www.celebes.co/pantai-kabesaran-minahasa [L2]
08:07:58 | INFO    | [484/2708] Mencari: Ombro
08:07:58 | DEBUG   | [L1 Wiki] Error: Expecting value: line 1 column 1 (char 0)
08:07:58 | DEBUG   |       L1 Gagal, mencoba L2/L3 DDGS/BS4/Playwright...
08:08:05 | DEBUG   |       L2 Gagal. Mencoba L3 Playwright...
08:08:08 | INFO    |       => Gagal mencari deskripsi.
08:08:10 | INFO    | [Resume] Baris [507/2708] terlewati (sudah ada data).
08:08:10 | INFO    | [Resume] Baris [607/2708] terlewati (sudah ada data).
08:08:10 | INFO    | [689/2708] Mencari: Pantai Kambahu
08:08:10 | DEBUG   | [L1 Wiki] Error: Expecting value: line 1 column 1 (char 0)
08:08:10 | DEBUG   |       L1 Gagal, mencoba L2/L3 DDGS/BS4/Playwright...
08:08:16 | DEBUG   |       L2 Gagal. Mencoba L3 Playwright...
08:08:17 | INFO    |       => Gagal mencari deskripsi.
08:08:19 | INFO    | [693/2708] Mencari: Taman Marannu
08:08:19 | DEBUG   | [L1 Wiki] Error: Expecting value: line 1 column 1 (char 0)
08:08:19 | DEBUG   |       L1 Gagal, mencoba L2/L3 DDGS/BS4/Playwright...
08:08:26 | DEBUG   |       L2 Gagal. Mencoba L3 Playwright...
08:08:30 | INFO    |       => Sukses dari: https://www.traveloka.com/id-id/hotel/indonesia/landmark/masjid-an-nur-btn-cahaya-3-berlian-pinrang-91726103367515 [Snippet]
08:08:31 | INFO    | [Resume] Baris [709/2708] terlewati (sudah ada data).
08:08:31 | INFO    | [749/2708] Mencari: Pantai BBC
08:08:31 | DEBUG   | [L1 Wiki] Error: Expecting value: line 1 column 1 (char 0)
08:08:31 | DEBUG   |       L1 Gagal, mencoba L2/L3 DDGS/BS4/Playwright...
08:08:47 | DEBUG   | [DDGS] Error: ('error sending request for url (https://yandex.com/search/site/?text=Pantai+BBC+Kabupaten+Kepulauan+Talaud+wisata&web=1&searchid=1171505)', 'https://yandex.com/search/site/?text=Pantai+BBC+Kabupaten+Kepulauan+Talaud+wisata&web=1&searchid=1171505')
08:08:47 | INFO    |       => Gagal mencari deskripsi.
08:08:49 | INFO    | [764/2708] Mencari: Pantai Kanaan
08:08:59 | DEBUG   | [L1 Wiki] Error: Expecting value: line 1 column 1 (char 0)
08:08:59 | DEBUG   |       L1 Gagal, mencoba L2/L3 DDGS/BS4/Playwright...
08:09:10 | DEBUG   |       L2 Gagal. Mencoba L3 Playwright...
08:09:16 | INFO    |       => Gagal mencari deskripsi.
08:09:18 | INFO    | [Resume] Baris [811/2708] terlewati (sudah ada data).
08:09:18 | INFO    | [813/2708] Mencari: Ikha cell
08:09:18 | DEBUG   | [L1 Wiki] Error: Expecting value: line 1 column 1 (char 0)
08:09:18 | DEBUG   |       L1 Gagal, mencoba L2/L3 DDGS/BS4/Playwright...
08:09:27 | DEBUG   |       L2 Gagal. Mencoba L3 Playwright...
08:09:32 | DEBUG   | [L3 PW] Gagal ekstraksi url https://liburanplus.com/wisata/sulawesi/tempat-wisata-kotamobagu/ -> Page.goto: net::ERR_ABORTED at https://liburanplus.com/wisata/sulawesi/tempat-wisata-kotamobagu/
Call log:
  - navigating to "https://liburanplus.com/wisata/sulawesi/tempat-wisata-kotamobagu/", waiting until "domcontentloaded"

08:09:32 | INFO    |       => Gagal mencari deskripsi.
08:09:34 | INFO    | [865/2708] Mencari: Pantai Marboro
08:09:34 | DEBUG   | [L1 Wiki] Error: Expecting value: line 1 column 1 (char 0)
08:09:34 | DEBUG   |       L1 Gagal, mencoba L2/L3 DDGS/BS4/Playwright...
08:09:41 | DEBUG   |       L2 Gagal. Mencoba L3 Playwright...
08:09:45 | INFO    |       => Gagal mencari deskripsi.
08:09:47 | INFO    | [879/2708] Mencari: Air Terjun Depa'
08:09:47 | DEBUG   | [L1 Wiki] Error: Expecting value: line 1 column 1 (char 0)
08:09:47 | DEBUG   |       L1 Gagal, mencoba L2/L3 DDGS/BS4/Playwright...
08:10:03 | DEBUG   |       L2 Gagal. Mencoba L3 Playwright...
08:10:10 | INFO    |       => Gagal mencari deskripsi.
08:10:12 | INFO    | [883/2708] Mencari: Pantai Salokaili
08:10:12 | DEBUG   | [L1 Wiki] Error: Expecting value: line 1 column 1 (char 0)
08:10:12 | DEBUG   |       L1 Gagal, mencoba L2/L3 DDGS/BS4/Playwright...
08:10:22 | DEBUG   |       L2 Gagal. Mencoba L3 Playwright...
08:10:29 | INFO    |       => Gagal mencari deskripsi.
08:10:30 | INFO    | [Resume] Baris [915/2708] terlewati (sudah ada data).
08:10:30 | INFO    | [939/2708] Mencari: Monas
08:10:30 | DEBUG   | [L1 Wiki] Error: Expecting value: line 1 column 1 (char 0)
08:10:30 | DEBUG   |       L1 Gagal, mencoba L2/L3 DDGS/BS4/Playwright...
08:10:44 | DEBUG   |       L2 Gagal. Mencoba L3 Playwright...
08:10:46 | INFO    |       => Gagal mencari deskripsi.
08:10:47 | INFO    | [958/2708] Mencari: pantai Bara' UjungLero
08:10:47 | DEBUG   | [L1 Wiki] Error: Expecting value: line 1 column 1 (char 0)
08:10:47 | DEBUG   |       L1 Gagal, mencoba L2/L3 DDGS/BS4/Playwright...
08:10:55 | DEBUG   |       L2 Gagal. Mencoba L3 Playwright...
08:11:01 | INFO    |       => Gagal mencari deskripsi.
08:11:02 | INFO    | [960/2708] Mencari: Taman Uebone
08:11:02 | DEBUG   | [L1 Wiki] Error: Expecting value: line 1 column 1 (char 0)
08:11:02 | DEBUG   |       L1 Gagal, mencoba L2/L3 DDGS/BS4/Playwright...
08:11:14 | DEBUG   |       L2 Gagal. Mencoba L3 Playwright...
08:11:23 | DEBUG   | [L3 PW] Gagal ekstraksi url https://pdberger.com/jasa/jasa-travel-tojo-una-una -> Page.goto: net::ERR_ABORTED at https://pdberger.com/jasa/jasa-travel-tojo-una-una
Call log:
  - navigating to "https://pdberger.com/jasa/jasa-travel-tojo-una-una", waiting until "domcontentloaded"

08:11:23 | INFO    |       => Gagal mencari deskripsi.
08:11:24 | INFO    | [968/2708] Mencari: Bukit Sarassang
08:11:24 | DEBUG   | [L1 Wiki] Error: Expecting value: line 1 column 1 (char 0)
08:11:24 | DEBUG   |       L1 Gagal, mencoba L2/L3 DDGS/BS4/Playwright...
08:11:36 | DEBUG   |       L2 Gagal. Mencoba L3 Playwright...
08:11:39 | INFO    |       => Gagal mencari deskripsi.
08:11:41 | INFO    | [989/2708] Mencari: Pantai Sunrise
08:11:41 | DEBUG   | [L1 Wiki] Error: Expecting value: line 1 column 1 (char 0)
08:11:41 | DEBUG   |       L1 Gagal, mencoba L2/L3 DDGS/BS4/Playwright...
08:11:47 | DEBUG   |       L2 Gagal. Mencoba L3 Playwright...
08:11:51 | INFO    |       => Gagal mencari deskripsi.
08:11:53 | INFO    | *** Auto-saving 20 baris diproses...
08:11:53 | INFO    | [Resume] Baris [1020/2708] terlewati (sudah ada data).
08:11:53 | INFO    | [1053/2708] Mencari: Pantai Mato
08:11:53 | DEBUG   | [L1 Wiki] Error: Expecting value: line 1 column 1 (char 0)
08:11:53 | DEBUG   |       L1 Gagal, mencoba L2/L3 DDGS/BS4/Playwright...
08:12:01 | DEBUG   |       L2 Gagal. Mencoba L3 Playwright...
08:12:04 | DEBUG   | [L3 PW] Gagal ekstraksi url https://www.tokopedia.com/blog/travel-tempat-wisata-talaud-terindah/ -> Page.goto: net::ERR_HTTP2_PROTOCOL_ERROR at https://www.tokopedia.com/blog/travel-tempat-wisata-talaud-terindah/
Call log:
  - navigating to "https://www.tokopedia.com/blog/travel-tempat-wisata-talaud-terindah/", waiting until "domcontentloaded"

08:12:04 | INFO    |       => Gagal mencari deskripsi.
08:12:05 | INFO    | [1058/2708] Mencari: Air Terjun Baruttungnge
08:12:05 | DEBUG   | [L1 Wiki] Error: Expecting value: line 1 column 1 (char 0)
08:12:05 | DEBUG   |       L1 Gagal, mencoba L2/L3 DDGS/BS4/Playwright...
08:12:13 | DEBUG   | [L2 BS4] Gagal ekstraksi url https://jadesta.kemenparekraf.go.id/desa/air_terjun_baruttungnge -> HTTPSConnectionPool(host='jadesta.kemenparekraf.go.id', port=443): Max retries exceeded with url: /desa/air_terjun_baruttungnge (Caused by NameResolutionError("HTTPSConnection(host='jadesta.kemenparekraf.go.id', port=443): Failed to resolve 'jadesta.kemenparekraf.go.id' ([Errno 11002] getaddrinfo failed)"))
08:12:15 | DEBUG   |       L2 Gagal. Mencoba L3 Playwright...
08:12:18 | DEBUG   | [L3 PW] Gagal ekstraksi url https://jadesta.kemenparekraf.go.id/desa/air_terjun_baruttungnge -> Page.goto: net::ERR_NAME_NOT_RESOLVED at https://jadesta.kemenparekraf.go.id/desa/air_terjun_baruttungnge
Call log:
  - navigating to "https://jadesta.kemenparekraf.go.id/desa/air_terjun_baruttungnge", waiting until "domcontentloaded"

08:12:18 | DEBUG   | [L3 PW] Gagal ekstraksi url https://regional.kompas.com/read/2012/08/12/0823227/baruttung-air-terjun-indah-yang-belum-tersentuh-pemerintah -> Page.goto: Navigation to "https://regional.kompas.com/read/2012/08/12/0823227/baruttung-air-terjun-indah-yang-belum-tersentuh-pemerintah" is interrupted by another navigation to "chrome-error://chromewebdata/"
Call log:
  - navigating to "https://regional.kompas.com/read/2012/08/12/0823227/baruttung-air-terjun-indah-yang-belum-tersentuh-pemerintah", waiting until "domcontentloaded"

08:12:18 | INFO    |       => Sukses dari: https://jadesta.kemenparekraf.go.id/desa/air_terjun_baruttungnge [Snippet]
08:12:19 | INFO    | [1063/2708] Mencari: Pantai Anita
08:12:19 | DEBUG   | [L1 Wiki] Error: Expecting value: line 1 column 1 (char 0)
08:12:19 | DEBUG   |       L1 Gagal, mencoba L2/L3 DDGS/BS4/Playwright...
08:12:30 | DEBUG   |       L2 Gagal. Mencoba L3 Playwright...
08:12:35 | INFO    |       => Gagal mencari deskripsi.
08:12:37 | INFO    | [Resume] Baris [1123/2708] terlewati (sudah ada data).
08:12:37 | INFO    | [1135/2708] Mencari: Koloolaro
08:12:37 | DEBUG   | [L1 Wiki] Error: Expecting value: line 1 column 1 (char 0)
08:12:37 | DEBUG   |       L1 Gagal, mencoba L2/L3 DDGS/BS4/Playwright...
08:12:45 | DEBUG   |       L2 Gagal. Mencoba L3 Playwright...
08:12:49 | INFO    |       => Sukses dari: https://www.youtube.com/watch?v=otrri1tjH0E [Snippet]
08:12:50 | INFO    | [1137/2708] Mencari: Pantai puluty
08:12:50 | DEBUG   | [L1 Wiki] Error: Expecting value: line 1 column 1 (char 0)
08:12:50 | DEBUG   |       L1 Gagal, mencoba L2/L3 DDGS/BS4/Playwright...
08:13:02 | DEBUG   |       L2 Gagal. Mencoba L3 Playwright...
08:13:07 | INFO    |       => Gagal mencari deskripsi.
08:13:09 | INFO    | [1147/2708] Mencari: Pantai Arjuna
08:13:09 | DEBUG   | [L1 Wiki] Error: Expecting value: line 1 column 1 (char 0)
08:13:09 | DEBUG   |       L1 Gagal, mencoba L2/L3 DDGS/BS4/Playwright...
08:13:20 | DEBUG   |       L2 Gagal. Mencoba L3 Playwright...
08:13:22 | INFO    |       => Gagal mencari deskripsi.
08:13:24 | INFO    | [1163/2708] Mencari: Air Terjun Bahomumpa
08:13:24 | DEBUG   | [L1 Wiki] Error: Expecting value: line 1 column 1 (char 0)
08:13:24 | DEBUG   |       L1 Gagal, mencoba L2/L3 DDGS/BS4/Playwright...
08:13:31 | DEBUG   |       L2 Gagal. Mencoba L3 Playwright...
08:13:33 | INFO    |       => Sukses dari: https://www.tiktok.com/@_riiizal/video/7620605866672295188 [Snippet]
08:13:34 | INFO    | [Resume] Baris [1227/2708] terlewati (sudah ada data).
08:13:34 | INFO    | [1275/2708] Mencari: Taman Reformasi
08:13:34 | DEBUG   | [L1 Wiki] Error: Expecting value: line 1 column 1 (char 0)
08:13:34 | DEBUG   |       L1 Gagal, mencoba L2/L3 DDGS/BS4/Playwright...
08:13:43 | DEBUG   |       L2 Gagal. Mencoba L3 Playwright...
08:13:49 | INFO    |       => Gagal mencari deskripsi.
08:13:51 | INFO    | [Resume] Baris [1328/2708] terlewati (sudah ada data).
08:13:51 | INFO    | [1366/2708] Mencari: Pantai Wakarumende
08:13:51 | DEBUG   | [L1 Wiki] Error: Expecting value: line 1 column 1 (char 0)
08:13:51 | DEBUG   |       L1 Gagal, mencoba L2/L3 DDGS/BS4/Playwright...
08:13:59 | DEBUG   |       L2 Gagal. Mencoba L3 Playwright...
08:14:04 | INFO    |       => Gagal mencari deskripsi.
08:14:05 | INFO    | [1368/2708] Mencari: Pantai Baurung
08:14:05 | DEBUG   | [L1 Wiki] Error: Expecting value: line 1 column 1 (char 0)
08:14:05 | DEBUG   |       L1 Gagal, mencoba L2/L3 DDGS/BS4/Playwright...
08:14:13 | DEBUG   |       L2 Gagal. Mencoba L3 Playwright...
08:14:22 | INFO    |       => Gagal mencari deskripsi.
08:14:24 | INFO    | [1416/2708] Mencari: Air Terjun Tu'nan
08:14:24 | DEBUG   | [L1 Wiki] Error: Expecting value: line 1 column 1 (char 0)
08:14:24 | DEBUG   |       L1 Gagal, mencoba L2/L3 DDGS/BS4/Playwright...
08:14:33 | DEBUG   | [L2 BS4] Gagal ekstraksi url https://jadesta.kemenparekraf.go.id/desa/air_terjun_tunan_talawaan -> HTTPSConnectionPool(host='jadesta.kemenparekraf.go.id', port=443): Max retries exceeded with url: /desa/air_terjun_tunan_talawaan (Caused by NameResolutionError("HTTPSConnection(host='jadesta.kemenparekraf.go.id', port=443): Failed to resolve 'jadesta.kemenparekraf.go.id' ([Errno 11002] getaddrinfo failed)"))
08:14:34 | DEBUG   |       L2 Gagal. Mencoba L3 Playwright...
08:14:38 | DEBUG   | [L3 PW] Gagal ekstraksi url https://jadesta.kemenparekraf.go.id/desa/air_terjun_tunan_talawaan -> Page.goto: net::ERR_NAME_NOT_RESOLVED at https://jadesta.kemenparekraf.go.id/desa/air_terjun_tunan_talawaan
Call log:
  - navigating to "https://jadesta.kemenparekraf.go.id/desa/air_terjun_tunan_talawaan", waiting until "domcontentloaded"

08:14:38 | DEBUG   | [L3 PW] Gagal ekstraksi url https://20.detik.com/spot-wisata/20231109-231111028/menyusuri-hutan-menuju-indahnya-pemandangan-alam-di-air-terjun-tunan-minahasa -> Page.goto: Navigation to "https://20.detik.com/spot-wisata/20231109-231111028/menyusuri-hutan-menuju-indahnya-pemandangan-alam-di-air-terjun-tunan-minahasa" is interrupted by another navigation to "chrome-error://chromewebdata/"
Call log:
  - navigating to "https://20.detik.com/spot-wisata/20231109-231111028/menyusuri-hutan-menuju-indahnya-pemandangan-alam-di-air-terjun-tunan-minahasa", waiting until "domcontentloaded"

08:14:38 | DEBUG   | [L3 PW] Gagal ekstraksi url https://www.idntimes.com/travel/destination/9-potret-indahnya-air-terjun-tunan-wisata-di-sulawesi-utara-01-w6q7p-6q1zfs -> Page.goto: Navigation to "https://www.idntimes.com/travel/destination/9-potret-indahnya-air-terjun-tunan-wisata-di-sulawesi-utara-01-w6q7p-6q1zfs" is interrupted by another navigation to "https://20.detik.com/spot-wisata/20231109-231111028/menyusuri-hutan-menuju-indahnya-pemandangan-alam-di-air-terjun-tunan-minahasa"
Call log:
  - navigating to "https://www.idntimes.com/travel/destination/9-potret-indahnya-air-terjun-tunan-wisata-di-sulawesi-utara-01-w6q7p-6q1zfs", waiting until "domcontentloaded"

08:14:38 | INFO    |       => Gagal mencari deskripsi.
08:14:40 | INFO    | [1421/2708] Mencari: Air Terjun Batualambung Kambani
08:14:40 | DEBUG   | [L1 Wiki] Error: Expecting value: line 1 column 1 (char 0)
08:14:40 | DEBUG   |       L1 Gagal, mencoba L2/L3 DDGS/BS4/Playwright...
08:14:46 | DEBUG   |       L2 Gagal. Mencoba L3 Playwright...
08:14:48 | INFO    |       => Sukses dari: https://kambani.digitaldesa.id/wisata [Snippet]
08:14:49 | INFO    | [Resume] Baris [1432/2708] terlewati (sudah ada data).
08:14:49 | INFO    | [1439/2708] Mencari: Pantai Napa
08:14:49 | DEBUG   | [L1 Wiki] Error: Expecting value: line 1 column 1 (char 0)
08:14:49 | DEBUG   |       L1 Gagal, mencoba L2/L3 DDGS/BS4/Playwright...
08:14:56 | DEBUG   |       L2 Gagal. Mencoba L3 Playwright...
08:14:58 | INFO    |       => Sukses dari: https://medium.com/@tiaratna/buton-yang-cantik-wisatanya-tapi-6358656efcea [L3]
08:15:00 | INFO    | [1454/2708] Mencari: Air terjun Rouda
08:15:00 | DEBUG   | [L1 Wiki] Error: Expecting value: line 1 column 1 (char 0)
08:15:00 | DEBUG   |       L1 Gagal, mencoba L2/L3 DDGS/BS4/Playwright...
08:15:07 | DEBUG   |       L2 Gagal. Mencoba L3 Playwright...
08:15:09 | INFO    |       => Gagal mencari deskripsi.
08:15:10 | INFO    | [1475/2708] Mencari: Gunung Tumpu
08:15:10 | DEBUG   | [L1 Wiki] Error: Expecting value: line 1 column 1 (char 0)
08:15:10 | DEBUG   |       L1 Gagal, mencoba L2/L3 DDGS/BS4/Playwright...
08:15:18 | DEBUG   |       L2 Gagal. Mencoba L3 Playwright...
08:15:23 | INFO    |       => Sukses dari: http://www.organisasi.org/1970/01/informasi-gunung-tumpu-profil-lokasi-tinggi-dsb.html [Snippet]
08:15:25 | INFO    | [1478/2708] Mencari: Pantai tupa
08:15:25 | DEBUG   | [L1 Wiki] Error: Expecting value: line 1 column 1 (char 0)
08:15:25 | DEBUG   |       L1 Gagal, mencoba L2/L3 DDGS/BS4/Playwright...
08:15:30 | DEBUG   |       L2 Gagal. Mencoba L3 Playwright...
08:15:33 | INFO    |       => Gagal mencari deskripsi.
08:15:34 | INFO    | [1506/2708] Mencari: Senja Beloka
08:15:34 | DEBUG   | [L1 Wiki] Error: Expecting value: line 1 column 1 (char 0)
08:15:34 | DEBUG   |       L1 Gagal, mencoba L2/L3 DDGS/BS4/Playwright...
08:15:41 | DEBUG   |       L2 Gagal. Mencoba L3 Playwright...
08:15:46 | INFO    |       => Gagal mencari deskripsi.
08:15:47 | INFO    | [1508/2708] Mencari: Air Terjun Bobaa
08:15:47 | DEBUG   | [L1 Wiki] Error: Expecting value: line 1 column 1 (char 0)
08:15:47 | DEBUG   |       L1 Gagal, mencoba L2/L3 DDGS/BS4/Playwright...
08:15:54 | DEBUG   |       L2 Gagal. Mencoba L3 Playwright...
08:15:55 | INFO    |       => Gagal mencari deskripsi.
08:15:57 | INFO    | [1512/2708] Mencari: Parkiran Air Terjun (Kali)
08:15:57 | DEBUG   | [L1 Wiki] Error: Expecting value: line 1 column 1 (char 0)
08:15:57 | DEBUG   |       L1 Gagal, mencoba L2/L3 DDGS/BS4/Playwright...
08:16:03 | DEBUG   | [DDGS] Error: RequestError: RequestError('error sending request for url (https://search.yahoo.com/search;_ylt=1yHSt1Xhq_Ckp1b-zMNsDmHk;_ylu=uRzBhoxr42aKNIVthBO9aOWN9ZGEME8kqWE6rmwU28ejaQo?p=Parkiran+Air+Terjun+%28Kali%29+Kabupaten+Minahasa+wisata)', 'https://search.yahoo.com/search;_ylt=1yHSt1Xhq_Ckp1b-zMNsDmHk;_ylu=uRzBhoxr42aKNIVthBO9aOWN9ZGEME8kqWE6rmwU28ejaQo?p=Parkiran+Air+Terjun+%28Kali%29+Kabupaten+Minahasa+wisata')
08:16:03 | INFO    |       => Gagal mencari deskripsi.
08:16:04 | INFO    | [1517/2708] Mencari: air terjun wambalamba
08:16:04 | DEBUG   | [L1 Wiki] Error: Expecting value: line 1 column 1 (char 0)
08:16:04 | DEBUG   |       L1 Gagal, mencoba L2/L3 DDGS/BS4/Playwright...
08:16:13 | DEBUG   |       L2 Gagal. Mencoba L3 Playwright...
08:16:16 | INFO    |       => Gagal mencari deskripsi.
08:16:18 | INFO    | *** Auto-saving 40 baris diproses...
08:16:18 | INFO    | [Resume] Baris [1540/2708] terlewati (sudah ada data).
08:16:18 | INFO    | [1550/2708] Mencari: Lembah Piokang
08:16:18 | DEBUG   | [L1 Wiki] Error: Expecting value: line 1 column 1 (char 0)
08:16:18 | DEBUG   |       L1 Gagal, mencoba L2/L3 DDGS/BS4/Playwright...
08:16:30 | DEBUG   | [L2 BS4] Gagal ekstraksi url https://jadesta.kemenparekraf.go.id/desa/taraweang -> HTTPSConnectionPool(host='jadesta.kemenparekraf.go.id', port=443): Max retries exceeded with url: /desa/taraweang (Caused by NameResolutionError("HTTPSConnection(host='jadesta.kemenparekraf.go.id', port=443): Failed to resolve 'jadesta.kemenparekraf.go.id' ([Errno 11002] getaddrinfo failed)"))
08:16:30 | DEBUG   |       L2 Gagal. Mencoba L3 Playwright...
08:16:42 | DEBUG   | [L3 PW] Gagal ekstraksi url https://jadesta.kemenparekraf.go.id/desa/taraweang -> Page.goto: net::ERR_NAME_NOT_RESOLVED at https://jadesta.kemenparekraf.go.id/desa/taraweang
Call log:
  - navigating to "https://jadesta.kemenparekraf.go.id/desa/taraweang", waiting until "domcontentloaded"

08:16:42 | INFO    |       => Gagal mencari deskripsi.
08:16:44 | INFO    | [1568/2708] Mencari: Bukit Ja'bonga
08:16:44 | DEBUG   | [L1 Wiki] Error: Expecting value: line 1 column 1 (char 0)
08:16:44 | DEBUG   |       L1 Gagal, mencoba L2/L3 DDGS/BS4/Playwright...
08:16:52 | DEBUG   |       L2 Gagal. Mencoba L3 Playwright...
08:16:57 | INFO    |       => Gagal mencari deskripsi.
08:16:58 | INFO    | [1569/2708] Mencari: Pantai andewa
08:16:58 | DEBUG   | [L1 Wiki] Error: Expecting value: line 1 column 1 (char 0)
08:16:58 | DEBUG   |       L1 Gagal, mencoba L2/L3 DDGS/BS4/Playwright...
08:17:07 | DEBUG   |       L2 Gagal. Mencoba L3 Playwright...
08:17:11 | INFO    |       => Gagal mencari deskripsi.
08:17:13 | INFO    | [1580/2708] Mencari: autarkeia
08:17:13 | DEBUG   | [L1 Wiki] Error: Expecting value: line 1 column 1 (char 0)
08:17:13 | DEBUG   |       L1 Gagal, mencoba L2/L3 DDGS/BS4/Playwright...
08:17:21 | DEBUG   |       L2 Gagal. Mencoba L3 Playwright...
08:17:25 | INFO    |       => Gagal mencari deskripsi.
08:17:27 | INFO    | [1583/2708] Mencari: Pantai Sesiwung
08:17:27 | DEBUG   | [L1 Wiki] Error: Expecting value: line 1 column 1 (char 0)
08:17:27 | DEBUG   |       L1 Gagal, mencoba L2/L3 DDGS/BS4/Playwright...
08:17:38 | DEBUG   |       L2 Gagal. Mencoba L3 Playwright...
08:17:42 | INFO    |       => Gagal mencari deskripsi.
08:17:44 | INFO    | [1591/2708] Mencari: Pantai Beau Sauk
08:17:44 | DEBUG   | [L1 Wiki] Error: Expecting value: line 1 column 1 (char 0)
08:17:44 | DEBUG   |       L1 Gagal, mencoba L2/L3 DDGS/BS4/Playwright...
08:17:51 | INFO    |       => Sukses dari: https://satubmr.com/bolmong/tempat-wisata-baru-di-bolmong-yang-wajib-anda-kunjungi/ [L2]
08:17:52 | INFO    | [1611/2708] Mencari: Wae pella'e
08:17:52 | DEBUG   | [L1 Wiki] Error: Expecting value: line 1 column 1 (char 0)
08:17:52 | DEBUG   |       L1 Gagal, mencoba L2/L3 DDGS/BS4/Playwright...
08:17:59 | DEBUG   |       L2 Gagal. Mencoba L3 Playwright...
08:18:06 | INFO    |       => Gagal mencari deskripsi.
08:18:07 | INFO    | [1624/2708] Mencari: WISATAKAUDUMA
08:18:07 | DEBUG   | [L1 Wiki] Error: Expecting value: line 1 column 1 (char 0)
08:18:07 | DEBUG   |       L1 Gagal, mencoba L2/L3 DDGS/BS4/Playwright...
08:18:14 | DEBUG   |       L2 Gagal. Mencoba L3 Playwright...
08:18:18 | INFO    |       => Gagal mencari deskripsi.
08:18:20 | INFO    | [Resume] Baris [1648/2708] terlewati (sudah ada data).
08:18:20 | INFO    | [1650/2708] Mencari: Air terjun Sararudi
08:18:20 | DEBUG   | [L1 Wiki] Error: Expecting value: line 1 column 1 (char 0)
08:18:20 | DEBUG   |       L1 Gagal, mencoba L2/L3 DDGS/BS4/Playwright...
08:18:28 | DEBUG   |       L2 Gagal. Mencoba L3 Playwright...
08:18:43 | DEBUG   | [L3 PW] Gagal ekstraksi url https://sigikab.go.id/ -> Page.goto: Timeout 15000ms exceeded.
Call log:
  - navigating to "https://sigikab.go.id/", waiting until "domcontentloaded"

08:18:46 | INFO    |       => Gagal mencari deskripsi.
08:18:47 | INFO    | [1669/2708] Mencari: Bukit Countri
08:18:47 | DEBUG   | [L1 Wiki] Error: Expecting value: line 1 column 1 (char 0)
08:18:47 | DEBUG   |       L1 Gagal, mencoba L2/L3 DDGS/BS4/Playwright...
08:18:56 | DEBUG   |       L2 Gagal. Mencoba L3 Playwright...
08:19:07 | INFO    |       => Gagal mencari deskripsi.
08:19:08 | INFO    | [1673/2708] Mencari: Bukit Attirong
08:19:08 | DEBUG   | [L1 Wiki] Error: Expecting value: line 1 column 1 (char 0)
08:19:08 | DEBUG   |       L1 Gagal, mencoba L2/L3 DDGS/BS4/Playwright...
08:19:21 | DEBUG   | [DDGS] Error: DecodeError: DecodeError('Body collection error: error decoding response body')
08:19:21 | INFO    |       => Gagal mencari deskripsi.
08:19:22 | INFO    | [1683/2708] Mencari: Tanjung Avanza
08:19:22 | DEBUG   | [L1 Wiki] Error: Expecting value: line 1 column 1 (char 0)
08:19:22 | DEBUG   |       L1 Gagal, mencoba L2/L3 DDGS/BS4/Playwright...
08:19:33 | DEBUG   |       L2 Gagal. Mencoba L3 Playwright...
08:19:35 | INFO    |       => Sukses dari: https://eloratour.wordpress.com/tag/tempat-wisata-di-kabupaten-parigi-moutong/ [Snippet]
08:19:36 | INFO    | [1689/2708] Mencari: bukit patene
08:19:36 | DEBUG   | [L1 Wiki] Error: Expecting value: line 1 column 1 (char 0)
08:19:36 | DEBUG   |       L1 Gagal, mencoba L2/L3 DDGS/BS4/Playwright...
08:19:44 | DEBUG   |       L2 Gagal. Mencoba L3 Playwright...
08:19:48 | INFO    |       => Gagal mencari deskripsi.
08:19:49 | INFO    | [1693/2708] Mencari: Pantai Pelangi
08:19:49 | DEBUG   | [L1 Wiki] Error: Expecting value: line 1 column 1 (char 0)
08:19:49 | DEBUG   |       L1 Gagal, mencoba L2/L3 DDGS/BS4/Playwright...
08:19:59 | DEBUG   | [L2 BS4] Gagal ekstraksi url https://jadesta.kemenparekraf.go.id/desa/tinuna -> HTTPSConnectionPool(host='jadesta.kemenparekraf.go.id', port=443): Max retries exceeded with url: /desa/tinuna (Caused by NameResolutionError("HTTPSConnection(host='jadesta.kemenparekraf.go.id', port=443): Failed to resolve 'jadesta.kemenparekraf.go.id' ([Errno 11002] getaddrinfo failed)"))
08:20:05 | DEBUG   |       L2 Gagal. Mencoba L3 Playwright...
08:20:10 | DEBUG   | [L3 PW] Gagal ekstraksi url https://jadesta.kemenparekraf.go.id/desa/tinuna -> Page.goto: net::ERR_NAME_NOT_RESOLVED at https://jadesta.kemenparekraf.go.id/desa/tinuna
Call log:
  - navigating to "https://jadesta.kemenparekraf.go.id/desa/tinuna", waiting until "domcontentloaded"

08:20:12 | DEBUG   | [L3 PW] Gagal ekstraksi url https://pdberger.com/pemancingan-kolaka-utara -> Page.goto: Navigation to "https://pdberger.com/pemancingan-kolaka-utara" is interrupted by another navigation to "chrome-error://chromewebdata/"
Call log:
  - navigating to "https://pdberger.com/pemancingan-kolaka-utara", waiting until "domcontentloaded"

08:20:12 | INFO    |       => Sukses dari: https://jadesta.kemenparekraf.go.id/desa/tinuna [Snippet]
08:20:14 | INFO    | [1694/2708] Mencari: Goa Batuburi
08:20:14 | DEBUG   | [L1 Wiki] Error: Expecting value: line 1 column 1 (char 0)
08:20:14 | DEBUG   |       L1 Gagal, mencoba L2/L3 DDGS/BS4/Playwright...
08:20:23 | DEBUG   |       L2 Gagal. Mencoba L3 Playwright...
08:20:27 | INFO    |       => Gagal mencari deskripsi.
08:20:29 | INFO    | [1701/2708] Mencari: Bongkone Kenari
08:20:29 | DEBUG   | [L1 Wiki] Error: Expecting value: line 1 column 1 (char 0)
08:20:29 | DEBUG   |       L1 Gagal, mencoba L2/L3 DDGS/BS4/Playwright...
08:20:37 | DEBUG   |       L2 Gagal. Mencoba L3 Playwright...
08:20:42 | INFO    |       => Gagal mencari deskripsi.
08:20:43 | INFO    | [1705/2708] Mencari: Gunung Baba Kanaan
08:20:43 | DEBUG   | [L1 Wiki] Error: Expecting value: line 1 column 1 (char 0)
08:20:43 | DEBUG   |       L1 Gagal, mencoba L2/L3 DDGS/BS4/Playwright...
08:20:49 | DEBUG   |       L2 Gagal. Mencoba L3 Playwright...
08:20:55 | INFO    |       => Gagal mencari deskripsi.
08:20:57 | INFO    | [1733/2708] Mencari: Pantai Duva
08:20:57 | DEBUG   | [L1 Wiki] Error: Expecting value: line 1 column 1 (char 0)
08:20:57 | DEBUG   |       L1 Gagal, mencoba L2/L3 DDGS/BS4/Playwright...
08:21:06 | DEBUG   |       L2 Gagal. Mencoba L3 Playwright...
08:21:10 | DEBUG   | [L3 PW] Gagal ekstraksi url https://www.tokopedia.com/blog/tempat-wisata-kota-palu-tvl/ -> Page.goto: net::ERR_HTTP2_PROTOCOL_ERROR at https://www.tokopedia.com/blog/tempat-wisata-kota-palu-tvl/
Call log:
  - navigating to "https://www.tokopedia.com/blog/tempat-wisata-kota-palu-tvl/", waiting until "domcontentloaded"

08:21:10 | INFO    |       => Gagal mencari deskripsi.
08:21:11 | INFO    | [1753/2708] Mencari: Pantai Komearate
08:21:11 | DEBUG   | [L1 Wiki] Error: Expecting value: line 1 column 1 (char 0)
08:21:11 | DEBUG   |       L1 Gagal, mencoba L2/L3 DDGS/BS4/Playwright...
08:21:18 | DEBUG   |       L2 Gagal. Mencoba L3 Playwright...
08:21:20 | INFO    |       => Gagal mencari deskripsi.
08:21:21 | INFO    | [1754/2708] Mencari: Kopdargab Foi#sulselbar
08:21:21 | DEBUG   | [L1 Wiki] Error: Expecting value: line 1 column 1 (char 0)
08:21:21 | DEBUG   |       L1 Gagal, mencoba L2/L3 DDGS/BS4/Playwright...
08:21:32 | DEBUG   |       L2 Gagal. Mencoba L3 Playwright...
08:21:35 | INFO    |       => Gagal mencari deskripsi.
08:21:37 | INFO    | *** Auto-saving 60 baris diproses...
08:21:37 | INFO    | [Resume] Baris [1760/2708] terlewati (sudah ada data).
08:21:37 | INFO    | [1771/2708] Mencari: Pattiro Lappaloang
08:21:37 | DEBUG   | [L1 Wiki] Error: Expecting value: line 1 column 1 (char 0)
08:21:37 | DEBUG   |       L1 Gagal, mencoba L2/L3 DDGS/BS4/Playwright...
08:21:47 | DEBUG   |       L2 Gagal. Mencoba L3 Playwright...
08:21:51 | INFO    |       => Gagal mencari deskripsi.
08:21:53 | INFO    | [1774/2708] Mencari: Pantai Karosondaya
08:21:53 | DEBUG   | [L1 Wiki] Error: Expecting value: line 1 column 1 (char 0)
08:21:53 | DEBUG   |       L1 Gagal, mencoba L2/L3 DDGS/BS4/Playwright...
08:22:00 | DEBUG   | [L2 BS4] Gagal ekstraksi url https://jadesta.kemenparekraf.go.id/desa/karosondaya -> HTTPSConnectionPool(host='jadesta.kemenparekraf.go.id', port=443): Max retries exceeded with url: /desa/karosondaya (Caused by NameResolutionError("HTTPSConnection(host='jadesta.kemenparekraf.go.id', port=443): Failed to resolve 'jadesta.kemenparekraf.go.id' ([Errno 11002] getaddrinfo failed)"))
08:22:01 | INFO    |       => Sukses dari: https://unimmafm.com/traveling-wajib-kunjungi-wisata-pantai-karosondaya-di-parigi-moutong/ [L2]
08:22:02 | INFO    | [1815/2708] Mencari: Bulu Tondongkarambu
08:22:02 | DEBUG   | [L1 Wiki] Error: Expecting value: line 1 column 1 (char 0)
08:22:02 | DEBUG   |       L1 Gagal, mencoba L2/L3 DDGS/BS4/Playwright...
08:22:11 | INFO    |       => Sukses dari: https://www.idntimes.com/travel/destination/tempat-wisata-sulsel-ini-wajib-dikunjungi-c1c2-01-d7xmx-7g6ycx [L2]
08:22:12 | INFO    | [1819/2708] Mencari: Pantai Apes
08:22:13 | DEBUG   | [L1 Wiki] Error: Expecting value: line 1 column 1 (char 0)
08:22:13 | DEBUG   |       L1 Gagal, mencoba L2/L3 DDGS/BS4/Playwright...
08:22:25 | DEBUG   |       L2 Gagal. Mencoba L3 Playwright...
08:22:30 | DEBUG   | [L3 PW] Gagal ekstraksi url https://alamatwisataindonesia.blogspot.com/2022/11/alamat-tempat-wisata-sangihe-kabupaten.html -> Page.goto: net::ERR_ABORTED at https://alamatwisataindonesia.blogspot.com/2022/11/alamat-tempat-wisata-sangihe-kabupaten.html
Call log:
  - navigating to "https://alamatwisataindonesia.blogspot.com/2022/11/alamat-tempat-wisata-sangihe-kabupaten.html", waiting until "domcontentloaded"

08:22:31 | INFO    |       => Gagal mencari deskripsi.
08:22:33 | INFO    | [1844/2708] Mencari: Pantai One Wanta
08:22:33 | DEBUG   | [L1 Wiki] Error: Expecting value: line 1 column 1 (char 0)
08:22:33 | DEBUG   |       L1 Gagal, mencoba L2/L3 DDGS/BS4/Playwright...
08:22:40 | DEBUG   |       L2 Gagal. Mencoba L3 Playwright...
08:22:43 | INFO    |       => Gagal mencari deskripsi.
08:22:44 | INFO    | [1850/2708] Mencari: Bukit TRL
08:22:45 | DEBUG   | [L1 Wiki] Error: Expecting value: line 1 column 1 (char 0)
08:22:45 | DEBUG   |       L1 Gagal, mencoba L2/L3 DDGS/BS4/Playwright...
08:22:52 | DEBUG   |       L2 Gagal. Mencoba L3 Playwright...
08:22:53 | INFO    |       => Sukses dari: https://www.semuabis.com/bukit-trl-0812-4109-8137 [Snippet]
08:22:55 | INFO    | [1860/2708] Mencari: Air terjun garuda
08:22:55 | DEBUG   | [L1 Wiki] Error: Expecting value: line 1 column 1 (char 0)
08:22:55 | DEBUG   |       L1 Gagal, mencoba L2/L3 DDGS/BS4/Playwright...
08:23:09 | DEBUG   |       L2 Gagal. Mencoba L3 Playwright...
08:23:15 | INFO    |       => Gagal mencari deskripsi.
08:23:17 | INFO    | [Resume] Baris [1867/2708] terlewati (sudah ada data).
08:23:17 | INFO    | [1894/2708] Mencari: Pantai Tarawat
08:23:17 | DEBUG   | [L1 Wiki] Error: Expecting value: line 1 column 1 (char 0)
08:23:17 | DEBUG   |       L1 Gagal, mencoba L2/L3 DDGS/BS4/Playwright...
08:23:25 | DEBUG   | [L2 BS4] Gagal ekstraksi url https://www.gbnschool.org/7-tempat-wisata-makassar-terbaru-dan-paling-indah/ -> HTTPSConnectionPool(host='www.gbnschool.org', port=443): Max retries exceeded with url: /7-tempat-wisata-makassar-terbaru-dan-paling-indah/ (Caused by SSLError(SSLCertVerificationError(1, "[SSL: CERTIFICATE_VERIFY_FAILED] certificate verify failed: Hostname mismatch, certificate is not valid for 'www.gbnschool.org'. (_ssl.c:1081)")))
08:23:28 | DEBUG   |       L2 Gagal. Mencoba L3 Playwright...
08:23:29 | DEBUG   | [L3 PW] Gagal ekstraksi url https://www.gbnschool.org/7-tempat-wisata-makassar-terbaru-dan-paling-indah/ -> Page.goto: net::ERR_CERT_COMMON_NAME_INVALID at https://www.gbnschool.org/7-tempat-wisata-makassar-terbaru-dan-paling-indah/
Call log:
  - navigating to "https://www.gbnschool.org/7-tempat-wisata-makassar-terbaru-dan-paling-indah/", waiting until "domcontentloaded"

08:23:29 | DEBUG   | [L3 PW] Gagal ekstraksi url https://www.bluebirdgroup.com/blog/8-destinasi-wisata-malam-di-makassar-buat-nongkrong-bareng-teman-keluarga?lang=en -> Page.goto: Navigation to "https://www.bluebirdgroup.com/blog/8-destinasi-wisata-malam-di-makassar-buat-nongkrong-bareng-teman-keluarga?lang=en" is interrupted by another navigation to "chrome-error://chromewebdata/"
Call log:
  - navigating to "https://www.bluebirdgroup.com/blog/8-destinasi-wisata-malam-di-makassar-buat-nongkrong-bareng-teman-keluarga?lang=en", waiting until "domcontentloaded"

08:23:30 | DEBUG   | [L3 PW] Gagal ekstraksi url https://www.liputan6.com/hot/read/6223724/tempat-wisata-makassar -> Page.goto: Navigation to "https://www.liputan6.com/hot/read/6223724/tempat-wisata-makassar" is interrupted by another navigation to "https://www.bluebirdgroup.com/blog/8-destinasi-wisata-malam-di-makassar-buat-nongkrong-bareng-teman-keluarga?lang=en"
Call log:
  - navigating to "https://www.liputan6.com/hot/read/6223724/tempat-wisata-makassar", waiting until "domcontentloaded"

08:23:30 | INFO    |       => Gagal mencari deskripsi.
08:23:31 | INFO    | [1920/2708] Mencari: Pantai Tamimbo
08:23:31 | DEBUG   | [L1 Wiki] Error: Expecting value: line 1 column 1 (char 0)
08:23:31 | DEBUG   |       L1 Gagal, mencoba L2/L3 DDGS/BS4/Playwright...
08:23:41 | DEBUG   |       L2 Gagal. Mencoba L3 Playwright...
08:23:45 | INFO    |       => Gagal mencari deskripsi.
08:23:47 | INFO    | [1932/2708] Mencari: Air Terjun Tulo'a
08:23:47 | DEBUG   | [L1 Wiki] Error: Expecting value: line 1 column 1 (char 0)
08:23:47 | DEBUG   |       L1 Gagal, mencoba L2/L3 DDGS/BS4/Playwright...
08:23:55 | DEBUG   |       L2 Gagal. Mencoba L3 Playwright...
08:24:00 | INFO    |       => Gagal mencari deskripsi.
08:24:01 | INFO    | [1937/2708] Mencari: Abrasi Pantai Tingkulang
08:24:01 | DEBUG   | [L1 Wiki] Error: Expecting value: line 1 column 1 (char 0)
08:24:01 | DEBUG   |       L1 Gagal, mencoba L2/L3 DDGS/BS4/Playwright...
08:24:10 | DEBUG   |       L2 Gagal. Mencoba L3 Playwright...
08:24:15 | INFO    |       => Sukses dari: https://eloratour.wordpress.com/tag/tempat-wisata-di-kabupaten-parigi-moutong/ [Snippet]
08:24:17 | INFO    | [1940/2708] Mencari: Pantai Salatiga
08:24:17 | DEBUG   | [L1 Wiki] Error: Expecting value: line 1 column 1 (char 0)
08:24:17 | DEBUG   |       L1 Gagal, mencoba L2/L3 DDGS/BS4/Playwright...
08:24:24 | DEBUG   |       L2 Gagal. Mencoba L3 Playwright...
08:24:28 | INFO    |       => Gagal mencari deskripsi.
08:24:29 | INFO    | [1943/2708] Mencari: Pantai Muhajirin
08:24:29 | DEBUG   | [L1 Wiki] Error: Expecting value: line 1 column 1 (char 0)
08:24:29 | DEBUG   |       L1 Gagal, mencoba L2/L3 DDGS/BS4/Playwright...
08:24:40 | DEBUG   |       L2 Gagal. Mencoba L3 Playwright...
08:24:45 | INFO    |       => Gagal mencari deskripsi.
08:24:47 | INFO    | [1946/2708] Mencari: Pantai BTM
08:24:47 | DEBUG   | [L1 Wiki] Error: Expecting value: line 1 column 1 (char 0)
08:24:47 | DEBUG   |       L1 Gagal, mencoba L2/L3 DDGS/BS4/Playwright...
08:24:56 | DEBUG   |       L2 Gagal. Mencoba L3 Playwright...
08:25:00 | INFO    |       => Sukses dari: https://www.instagram.com/p/DUw5-qvk0va/ [Snippet]
08:25:01 | INFO    | [1958/2708] Mencari: Pantai Tueni
08:25:01 | DEBUG   | [L1 Wiki] Error: Expecting value: line 1 column 1 (char 0)
08:25:01 | DEBUG   |       L1 Gagal, mencoba L2/L3 DDGS/BS4/Playwright...
08:25:08 | DEBUG   |       L2 Gagal. Mencoba L3 Playwright...
08:25:25 | DEBUG   | [L3 PW] Gagal ekstraksi url https://kutora.id/daerah/beberapa-rekomendasi-wisata-yang-ada-di-parigi-moutong/3297/ -> Page.goto: Timeout 15000ms exceeded.
Call log:
  - navigating to "https://kutora.id/daerah/beberapa-rekomendasi-wisata-yang-ada-di-parigi-moutong/3297/", waiting until "domcontentloaded"

08:25:28 | INFO    |       => Gagal mencari deskripsi.
08:25:30 | INFO    | [1960/2708] Mencari: Waduk Tamariri
08:25:30 | DEBUG   | [L1 Wiki] Error: Expecting value: line 1 column 1 (char 0)
08:25:30 | DEBUG   |       L1 Gagal, mencoba L2/L3 DDGS/BS4/Playwright...
08:25:38 | DEBUG   |       L2 Gagal. Mencoba L3 Playwright...
08:25:54 | DEBUG   | [L3 PW] Gagal ekstraksi url https://mamasakab.go.id/ -> Page.goto: Timeout 15000ms exceeded.
Call log:
  - navigating to "https://mamasakab.go.id/", waiting until "domcontentloaded"

08:25:57 | INFO    |       => Gagal mencari deskripsi.
08:25:59 | INFO    | [Resume] Baris [1976/2708] terlewati (sudah ada data).
08:25:59 | INFO    | [1981/2708] Mencari: Pantai Karosi
08:25:59 | DEBUG   | [L1 Wiki] Error: Expecting value: line 1 column 1 (char 0)
08:25:59 | DEBUG   |       L1 Gagal, mencoba L2/L3 DDGS/BS4/Playwright...
08:26:09 | DEBUG   |       L2 Gagal. Mencoba L3 Playwright...
08:26:13 | INFO    |       => Gagal mencari deskripsi.
08:26:15 | INFO    | [1987/2708] Mencari: Pantai Bengel
08:26:15 | DEBUG   | [L1 Wiki] Error: Expecting value: line 1 column 1 (char 0)
08:26:15 | DEBUG   |       L1 Gagal, mencoba L2/L3 DDGS/BS4/Playwright...
08:26:22 | DEBUG   | [L2 BS4] Gagal ekstraksi url https://www.omote-sando.info/6-rekomendasi-objek-wisata-gorontalo-yang-wajib-dikunjungi/ -> HTTPSConnectionPool(host='www.omote-sando.info', port=443): Max retries exceeded with url: /6-rekomendasi-objek-wisata-gorontalo-yang-wajib-dikunjungi/ (Caused by SSLError(SSLCertVerificationError(1, "[SSL: CERTIFICATE_VERIFY_FAILED] certificate verify failed: Hostname mismatch, certificate is not valid for 'www.omote-sando.info'. (_ssl.c:1081)")))
08:26:24 | DEBUG   |       L2 Gagal. Mencoba L3 Playwright...
08:26:26 | DEBUG   | [L3 PW] Gagal ekstraksi url https://www.omote-sando.info/6-rekomendasi-objek-wisata-gorontalo-yang-wajib-dikunjungi/ -> Page.goto: net::ERR_CERT_COMMON_NAME_INVALID at https://www.omote-sando.info/6-rekomendasi-objek-wisata-gorontalo-yang-wajib-dikunjungi/
Call log:
  - navigating to "https://www.omote-sando.info/6-rekomendasi-objek-wisata-gorontalo-yang-wajib-dikunjungi/", waiting until "domcontentloaded"

08:26:27 | DEBUG   | [L3 PW] Gagal ekstraksi url https://www.pulaumadura.com/2014/12/wisata-pantai-talang-siring-di.html -> Page.goto: Navigation to "https://www.pulaumadura.com/2014/12/wisata-pantai-talang-siring-di.html" is interrupted by another navigation to "chrome-error://chromewebdata/"
Call log:
  - navigating to "https://www.pulaumadura.com/2014/12/wisata-pantai-talang-siring-di.html", waiting until "domcontentloaded"

08:26:27 | DEBUG   | [L3 PW] Gagal ekstraksi url https://www.bluebirdgroup.com/blog/8-destinasi-wisata-malam-di-makassar-buat-nongkrong-bareng-teman-keluarga?lang=en -> Page.goto: Navigation to "https://www.bluebirdgroup.com/blog/8-destinasi-wisata-malam-di-makassar-buat-nongkrong-bareng-teman-keluarga?lang=en" is interrupted by another navigation to "https://www.pulaumadura.com/2014/12/wisata-pantai-talang-siring-di.html"
Call log:
  - navigating to "https://www.bluebirdgroup.com/blog/8-destinasi-wisata-malam-di-makassar-buat-nongkrong-bareng-teman-keluarga?lang=en", waiting until "domcontentloaded"

08:26:27 | INFO    |       => Gagal mencari deskripsi.
08:26:28 | INFO    | [1994/2708] Mencari: Pantai toweni
08:26:28 | DEBUG   | [L1 Wiki] Error: Expecting value: line 1 column 1 (char 0)
08:26:28 | DEBUG   |       L1 Gagal, mencoba L2/L3 DDGS/BS4/Playwright...
08:26:34 | DEBUG   |       L2 Gagal. Mencoba L3 Playwright...
08:26:43 | INFO    |       => Gagal mencari deskripsi.
08:26:44 | INFO    | [2002/2708] Mencari: Air terjun fire keeper
08:26:44 | DEBUG   | [L1 Wiki] Error: Expecting value: line 1 column 1 (char 0)
08:26:44 | DEBUG   |       L1 Gagal, mencoba L2/L3 DDGS/BS4/Playwright...
08:26:56 | DEBUG   | [L2 BS4] Gagal ekstraksi url http://disbudpar.torajautarakab.go.id/ -> HTTPConnectionPool(host='disbudpar.torajautarakab.go.id', port=80): Max retries exceeded with url: / (Caused by ConnectTimeoutError(<HTTPConnection(host='disbudpar.torajautarakab.go.id', port=80) at 0x266869d79d0>, 'Connection to disbudpar.torajautarakab.go.id timed out. (connect timeout=8)'))
08:27:00 | DEBUG   |       L2 Gagal. Mencoba L3 Playwright...
08:27:15 | DEBUG   | [L3 PW] Gagal ekstraksi url http://disbudpar.torajautarakab.go.id/ -> Page.goto: Timeout 15000ms exceeded.
Call log:
  - navigating to "http://disbudpar.torajautarakab.go.id/", waiting until "domcontentloaded"

08:27:17 | INFO    |       => Gagal mencari deskripsi.
08:27:19 | INFO    | *** Auto-saving 80 baris diproses...
08:27:19 | INFO    | [2020/2708] Mencari: Pantai Vaname
08:27:19 | DEBUG   | [L1 Wiki] Error: Expecting value: line 1 column 1 (char 0)
08:27:19 | DEBUG   |       L1 Gagal, mencoba L2/L3 DDGS/BS4/Playwright...
08:27:30 | DEBUG   |       L2 Gagal. Mencoba L3 Playwright...
08:27:34 | INFO    |       => Sukses dari: https://www.youtube.com/watch?v=mjbkX33tbuo [Snippet]
08:27:35 | INFO    | [2022/2708] Mencari: Pantai MHG
08:27:35 | DEBUG   | [L1 Wiki] Error: Expecting value: line 1 column 1 (char 0)
08:27:35 | DEBUG   |       L1 Gagal, mencoba L2/L3 DDGS/BS4/Playwright...
08:27:43 | DEBUG   |       L2 Gagal. Mencoba L3 Playwright...
08:27:47 | INFO    |       => Gagal mencari deskripsi.
08:27:49 | INFO    | [2030/2708] Mencari: FATUTOKO,GERESA,BUNGKU TIMUR,MOROWALI
08:27:49 | DEBUG   | [L1 Wiki] Error: Expecting value: line 1 column 1 (char 0)
08:27:49 | DEBUG   |       L1 Gagal, mencoba L2/L3 DDGS/BS4/Playwright...
08:28:04 | DEBUG   |       L2 Gagal. Mencoba L3 Playwright...
08:28:06 | INFO    |       => Gagal mencari deskripsi.
08:28:08 | INFO    | [2033/2708] Mencari: Pantai Onowa
08:28:08 | DEBUG   | [L1 Wiki] Error: Expecting value: line 1 column 1 (char 0)
08:28:08 | DEBUG   |       L1 Gagal, mencoba L2/L3 DDGS/BS4/Playwright...
08:28:19 | DEBUG   |       L2 Gagal. Mencoba L3 Playwright...
08:28:26 | INFO    |       => Gagal mencari deskripsi.
08:28:27 | INFO    | [2046/2708] Mencari: Pantai Poa
08:28:27 | DEBUG   | [L1 Wiki] Error: Expecting value: line 1 column 1 (char 0)
08:28:27 | DEBUG   |       L1 Gagal, mencoba L2/L3 DDGS/BS4/Playwright...
08:28:36 | DEBUG   |       L2 Gagal. Mencoba L3 Playwright...
08:28:41 | INFO    |       => Gagal mencari deskripsi.
08:28:42 | INFO    | [2047/2708] Mencari: TASUMARO
08:28:42 | DEBUG   | [L1 Wiki] Error: Expecting value: line 1 column 1 (char 0)
08:28:42 | DEBUG   |       L1 Gagal, mencoba L2/L3 DDGS/BS4/Playwright...
08:28:55 | DEBUG   |       L2 Gagal. Mencoba L3 Playwright...
08:29:10 | DEBUG   | [L3 PW] Gagal ekstraksi url https://sangihekab.go.id/ -> Page.goto: Timeout 15000ms exceeded.
Call log:
  - navigating to "https://sangihekab.go.id/", waiting until "domcontentloaded"

08:29:12 | INFO    |       => Gagal mencari deskripsi.
08:29:14 | INFO    | [2054/2708] Mencari: BUKIT GORESAN TIMUATO
08:29:14 | DEBUG   | [L1 Wiki] Error: Expecting value: line 1 column 1 (char 0)
08:29:14 | DEBUG   |       L1 Gagal, mencoba L2/L3 DDGS/BS4/Playwright...
08:29:24 | INFO    |       => Sukses dari: https://www.trans7news.com/wisata-gorontalo-yang-direkomendasikan-untuk-menghabiskan-liburan-akhir-pekan/ [L2]
08:29:25 | INFO    | [2082/2708] Mencari: Pantai Majapahit
08:29:25 | DEBUG   | [L1 Wiki] Error: Expecting value: line 1 column 1 (char 0)
08:29:25 | DEBUG   |       L1 Gagal, mencoba L2/L3 DDGS/BS4/Playwright...
08:29:33 | DEBUG   |       L2 Gagal. Mencoba L3 Playwright...
08:29:36 | INFO    |       => Gagal mencari deskripsi.
08:29:38 | INFO    | [Resume] Baris [2088/2708] terlewati (sudah ada data).
08:29:38 | INFO    | [2090/2708] Mencari: Bukit Tinabitte
08:29:38 | DEBUG   | [L1 Wiki] Error: Expecting value: line 1 column 1 (char 0)
08:29:38 | DEBUG   |       L1 Gagal, mencoba L2/L3 DDGS/BS4/Playwright...
08:29:50 | DEBUG   |       L2 Gagal. Mencoba L3 Playwright...
08:29:54 | INFO    |       => Gagal mencari deskripsi.
08:29:56 | INFO    | [2112/2708] Mencari: Air Terjun Bantimurungnge
08:29:56 | DEBUG   | [L1 Wiki] Error: Expecting value: line 1 column 1 (char 0)
08:29:56 | DEBUG   |       L1 Gagal, mencoba L2/L3 DDGS/BS4/Playwright...
08:30:07 | DEBUG   |       L2 Gagal. Mencoba L3 Playwright...
08:30:14 | INFO    |       => Gagal mencari deskripsi.
08:30:16 | INFO    | [2113/2708] Mencari: Pantai atapange
08:30:16 | DEBUG   | [L1 Wiki] Error: Expecting value: line 1 column 1 (char 0)
08:30:16 | DEBUG   |       L1 Gagal, mencoba L2/L3 DDGS/BS4/Playwright...
08:30:26 | DEBUG   |       L2 Gagal. Mencoba L3 Playwright...
08:30:29 | INFO    |       => Gagal mencari deskripsi.
08:30:31 | INFO    | [2122/2708] Mencari: Tebingkai
08:30:31 | DEBUG   | [L1 Wiki] Error: Expecting value: line 1 column 1 (char 0)
08:30:31 | DEBUG   |       L1 Gagal, mencoba L2/L3 DDGS/BS4/Playwright...
08:30:40 | DEBUG   |       L2 Gagal. Mencoba L3 Playwright...
08:30:46 | INFO    |       => Gagal mencari deskripsi.
08:30:48 | INFO    | [2130/2708] Mencari: Air Terjun Milango Lo Jini
08:30:48 | DEBUG   | [L1 Wiki] Error: Expecting value: line 1 column 1 (char 0)
08:30:48 | DEBUG   |       L1 Gagal, mencoba L2/L3 DDGS/BS4/Playwright...
08:31:00 | DEBUG   |       L2 Gagal. Mencoba L3 Playwright...
08:31:03 | INFO    |       => Gagal mencari deskripsi.
08:31:05 | INFO    | [2138/2708] Mencari: Air Terjun Tolei
08:31:05 | DEBUG   | [L1 Wiki] Error: Expecting value: line 1 column 1 (char 0)
08:31:05 | DEBUG   |       L1 Gagal, mencoba L2/L3 DDGS/BS4/Playwright...
08:31:17 | DEBUG   | [L2 BS4] Gagal ekstraksi url https://travelingyuk.com/air-terjun-kabupaten-pesawaran-lampung/143755/ -> HTTPSConnectionPool(host='travelingyuk.com', port=443): Read timed out. (read timeout=8)
08:31:20 | DEBUG   |       L2 Gagal. Mencoba L3 Playwright...
08:31:25 | INFO    |       => Gagal mencari deskripsi.
08:31:27 | INFO    | [2143/2708] Mencari: Air Terjun Barrasa
08:31:27 | DEBUG   | [L1 Wiki] Error: Expecting value: line 1 column 1 (char 0)
08:31:27 | DEBUG   |       L1 Gagal, mencoba L2/L3 DDGS/BS4/Playwright...
08:31:37 | DEBUG   |       L2 Gagal. Mencoba L3 Playwright...
08:31:45 | INFO    |       => Gagal mencari deskripsi.
08:31:47 | INFO    | [2144/2708] Mencari: MAROLAND
08:31:47 | DEBUG   | [L1 Wiki] Error: Expecting value: line 1 column 1 (char 0)
08:31:47 | DEBUG   |       L1 Gagal, mencoba L2/L3 DDGS/BS4/Playwright...
08:31:57 | DEBUG   |       L2 Gagal. Mencoba L3 Playwright...
08:31:59 | INFO    |       => Gagal mencari deskripsi.
08:32:01 | INFO    | [2151/2708] Mencari: Kolongko Beach
08:32:01 | DEBUG   | [L1 Wiki] Error: Expecting value: line 1 column 1 (char 0)
08:32:01 | DEBUG   |       L1 Gagal, mencoba L2/L3 DDGS/BS4/Playwright...
08:32:12 | DEBUG   |       L2 Gagal. Mencoba L3 Playwright...
08:32:15 | INFO    |       => Gagal mencari deskripsi.
08:32:17 | INFO    | [2165/2708] Mencari: Air terjun 801
08:32:17 | DEBUG   | [L1 Wiki] Error: Expecting value: line 1 column 1 (char 0)
08:32:17 | DEBUG   |       L1 Gagal, mencoba L2/L3 DDGS/BS4/Playwright...
08:32:25 | DEBUG   |       L2 Gagal. Mencoba L3 Playwright...
08:32:28 | INFO    |       => Sukses dari: https://www.tiktok.com/@willy_photograph/video/7300059255187574022 [Snippet]
08:32:29 | INFO    | [2189/2708] Mencari: Bukit Kromo Leksono
08:32:29 | DEBUG   | [L1 Wiki] Error: Expecting value: line 1 column 1 (char 0)
08:32:29 | DEBUG   |       L1 Gagal, mencoba L2/L3 DDGS/BS4/Playwright...
08:32:36 | DEBUG   |       L2 Gagal. Mencoba L3 Playwright...
08:32:37 | INFO    |       => Sukses dari: https://www.cybo.com/ID-biz/bukit-kromo-leksono [Snippet]
08:32:39 | INFO    | [2197/2708] Mencari: Pantai Polongasa-Ds.Towondu
08:32:39 | DEBUG   | [L1 Wiki] Error: Expecting value: line 1 column 1 (char 0)
08:32:39 | DEBUG   |       L1 Gagal, mencoba L2/L3 DDGS/BS4/Playwright...
08:32:46 | DEBUG   | [L2 BS4] Gagal ekstraksi url https://jadesta.kemenparekraf.go.id/atraksi/pantai_polongasa -> HTTPSConnectionPool(host='jadesta.kemenparekraf.go.id', port=443): Max retries exceeded with url: /atraksi/pantai_polongasa (Caused by NameResolutionError("HTTPSConnection(host='jadesta.kemenparekraf.go.id', port=443): Failed to resolve 'jadesta.kemenparekraf.go.id' ([Errno 11002] getaddrinfo failed)"))
08:32:49 | DEBUG   |       L2 Gagal. Mencoba L3 Playwright...
08:32:50 | DEBUG   | [L3 PW] Gagal ekstraksi url https://jadesta.kemenparekraf.go.id/atraksi/pantai_polongasa -> Page.goto: net::ERR_NAME_NOT_RESOLVED at https://jadesta.kemenparekraf.go.id/atraksi/pantai_polongasa
Call log:
  - navigating to "https://jadesta.kemenparekraf.go.id/atraksi/pantai_polongasa", waiting until "domcontentloaded"

08:32:50 | DEBUG   | [L3 PW] Gagal ekstraksi url https://jadesta.kemenpar.go.id/desa/mangrove_polongasa_towondu -> Page.goto: Navigation to "https://jadesta.kemenpar.go.id/desa/mangrove_polongasa_towondu" is interrupted by another navigation to "chrome-error://chromewebdata/"
Call log:
  - navigating to "https://jadesta.kemenpar.go.id/desa/mangrove_polongasa_towondu", waiting until "domcontentloaded"

08:32:50 | DEBUG   | [L3 PW] Gagal ekstraksi url https://wisatasulawesi.wordpress.com/wisata-sulawesi-selatan/wisata-luwu-timur/ -> Page.goto: Navigation to "https://wisatasulawesi.wordpress.com/wisata-sulawesi-selatan/wisata-luwu-timur/" is interrupted by another navigation to "https://jadesta.kemenpar.go.id/desa/mangrove_polongasa_towondu"
Call log:
  - navigating to "https://wisatasulawesi.wordpress.com/wisata-sulawesi-selatan/wisata-luwu-timur/", waiting until "domcontentloaded"

08:32:50 | DEBUG   | [L3 PW] Gagal ekstraksi url https://www.penalutim.com/2023/06/23/ini-60-objek-wisata-luwu-timur-yang-ramai-dikunjungi/ -> Page.goto: Navigation to "https://www.penalutim.com/2023/06/23/ini-60-objek-wisata-luwu-timur-yang-ramai-dikunjungi/" is interrupted by another navigation to "https://wisatasulawesi.wordpress.com/wisata-sulawesi-selatan/wisata-luwu-timur/"
Call log:
  - navigating to "https://www.penalutim.com/2023/06/23/ini-60-objek-wisata-luwu-timur-yang-ramai-dikunjungi/", waiting until "domcontentloaded"

08:32:50 | INFO    |       => Gagal mencari deskripsi.
08:32:52 | INFO    | *** Auto-saving 100 baris diproses...
08:32:52 | INFO    | [Resume] Baris [2200/2708] terlewati (sudah ada data).
08:32:52 | INFO    | [2203/2708] Mencari: Bukit Doa APKB
08:32:52 | DEBUG   | [L1 Wiki] Error: Expecting value: line 1 column 1 (char 0)
08:32:52 | DEBUG   |       L1 Gagal, mencoba L2/L3 DDGS/BS4/Playwright...
08:32:59 | DEBUG   |       L2 Gagal. Mencoba L3 Playwright...
08:33:03 | INFO    |       => Gagal mencari deskripsi.
08:33:04 | INFO    | [2205/2708] Mencari: Bahamast Cottage
08:33:04 | DEBUG   | [L1 Wiki] Error: Expecting value: line 1 column 1 (char 0)
08:33:04 | DEBUG   |       L1 Gagal, mencoba L2/L3 DDGS/BS4/Playwright...
08:33:12 | DEBUG   |       L2 Gagal. Mencoba L3 Playwright...
08:33:12 | DEBUG   | [L3 PW] Gagal ekstraksi url https://www.tokopedia.com/blog/travel-tempat-wisata-kolaka-terbaik/ -> Page.goto: Target page, context or browser has been closed
08:33:12 | DEBUG   | [L3 PW] Gagal ekstraksi url https://kim.kolakakab.go.id/assets/dokumen/da5ec2bb4f65a9604c11ae965a6644a2.jpg -> Page.goto: Target page, context or browser has been closed
08:33:12 | DEBUG   | [L3 PW] Gagal ekstraksi url https://travel.kompas.com/read/2019/11/22/210000027/7-rekomendasi-tempat-wisata-kolaka--pulau-padamarang-hingga-danau-biru -> Page.goto: Target page, context or browser has been closed
08:33:12 | DEBUG   | [L3 PW] Gagal ekstraksi url https://kolutkab.go.id/ -> Page.goto: Target page, context or browser has been closed
08:33:12 | INFO    |       => Gagal mencari deskripsi.
08:33:13 | ERROR   | Error pada execution pipeline: Browser.close: Connection closed while reading from the driver
08:33:13 | INFO    | 
Menyimpan file final...
08:33:13 | INFO    | Berhasil disimpan: D:\semester6\mc_learning\scrapt_wisata\deskripsi\scrap_deskripsi_wisata.csv
08:33:13 | INFO    | Selesai dikerjakan!
